../Core/Src/ssd1306.c:27:6:ssd1306_Reset	4	static
../Core/Src/ssd1306.c:32:6:ssd1306_WriteCommand	32	static
../Core/Src/ssd1306.c:37:6:ssd1306_WriteData	32	static
../Core/Src/ssd1306.c:52:6:ssd1306_Init	8	static
../Core/Src/ssd1306.c:163:6:ssd1306_Fill	24	static
../Core/Src/ssd1306.c:173:17:ssd1306_FillBuffer	24	static
../Core/Src/ssd1306.c:184:6:ssd1306_UpdateScreen	16	static
../Core/Src/ssd1306.c:216:6:ssd1306_DrawPixel	16	static
../Core/Src/ssd1306.c:233:6:ssd1306_SetCursor	16	static
../Core/Src/ssd1306.c:239:6:ssd1306_Line	48	static
../Core/Src/ssd1306.c:267:6:ssd1306_DrawRectangle	32	static
../Core/Src/ssd1306.c:278:6:ssd1306_FillRectangle	32	static
../Core/Src/ssd1306.c:294:6:ssd1306_DrawBitmap	24	static
../Core/Src/ssd1306.c:329:6:ssd1306_SetContrast	24	static
../Core/Src/ssd1306.c:336:6:ssd1306_SetDisplayOn	24	static
../Core/Src/ssd1306.c:349:9:ssd1306_GetDisplayOn	4	static
../Core/Src/ssd1306.c:366:6:ssd1306_Polyline	40	static
../Core/Src/ssd1306.c:380:14:ssd1306_DegToRad	16	static
../Core/Src/ssd1306.c:385:17:ssd1306_NormalizeTo0_360	24	static
../Core/Src/ssd1306.c:401:6:ssd1306_DrawArc	56	static
../Core/Src/ssd1306.c:441:6:ssd1306_DrawArcWithRadiusLine	64	static
../Core/Src/ssd1306.c:484:6:ssd1306_DrawCircle	40	static
../Core/Src/ssd1306.c:519:6:ssd1306_FillCircle	48	static
