Archive member included to satisfy reference by file (symbol)

../libs\libarm_cortexM7lfdp_math.a(arm_rfft_fast_init_f32.o)
                              ./Core/Src/main.o (arm_rfft_fast_init_f32)
../libs\libarm_cortexM7lfdp_math.a(arm_rfft_fast_f32.o)
                              ./Core/Src/FFT.o (arm_rfft_fast_f32)
../libs\libarm_cortexM7lfdp_math.a(arm_cfft_f32.o)
                              ../libs\libarm_cortexM7lfdp_math.a(arm_rfft_fast_f32.o) (arm_cfft_f32)
../libs\libarm_cortexM7lfdp_math.a(arm_common_tables.o)
                              ../libs\libarm_cortexM7lfdp_math.a(arm_rfft_fast_init_f32.o) (twiddleCoef_rfft_4096)
../libs\libarm_cortexM7lfdp_math.a(arm_bitreversal2.o)
                              ../libs\libarm_cortexM7lfdp_math.a(arm_cfft_f32.o) (arm_bitreversal_32)
../libs\libarm_cortexM7lfdp_math.a(arm_cfft_radix8_f32.o)
                              ../libs\libarm_cortexM7lfdp_math.a(arm_cfft_f32.o) (arm_radix8_butterfly_f32)
c:/st/stm32cubeide_1.10.1/stm32cubeide/plugins/com.st.stm32cube.ide.mcu.externaltools.gnu-tools-for-stm32.10.3-2021.10.win32_1.0.0.202111181127/tools/bin/../lib/gcc/arm-none-eabi/10.3.1/../../../../arm-none-eabi/lib/thumb/v7e-m+fp/hard\libc_nano.a(lib_a-errno.o)
                              ./Core/Src/syscalls.o (__errno)
c:/st/stm32cubeide_1.10.1/stm32cubeide/plugins/com.st.stm32cube.ide.mcu.externaltools.gnu-tools-for-stm32.10.3-2021.10.win32_1.0.0.202111181127/tools/bin/../lib/gcc/arm-none-eabi/10.3.1/../../../../arm-none-eabi/lib/thumb/v7e-m+fp/hard\libc_nano.a(lib_a-exit.o)
                              c:/st/stm32cubeide_1.10.1/stm32cubeide/plugins/com.st.stm32cube.ide.mcu.externaltools.gnu-tools-for-stm32.10.3-2021.10.win32_1.0.0.202111181127/tools/bin/../lib/gcc/arm-none-eabi/10.3.1/../../../../arm-none-eabi/lib/thumb/v7e-m+fp/hard/crt0.o (exit)
c:/st/stm32cubeide_1.10.1/stm32cubeide/plugins/com.st.stm32cube.ide.mcu.externaltools.gnu-tools-for-stm32.10.3-2021.10.win32_1.0.0.202111181127/tools/bin/../lib/gcc/arm-none-eabi/10.3.1/../../../../arm-none-eabi/lib/thumb/v7e-m+fp/hard\libc_nano.a(lib_a-impure.o)
                              c:/st/stm32cubeide_1.10.1/stm32cubeide/plugins/com.st.stm32cube.ide.mcu.externaltools.gnu-tools-for-stm32.10.3-2021.10.win32_1.0.0.202111181127/tools/bin/../lib/gcc/arm-none-eabi/10.3.1/../../../../arm-none-eabi/lib/thumb/v7e-m+fp/hard\libc_nano.a(lib_a-exit.o) (_global_impure_ptr)
c:/st/stm32cubeide_1.10.1/stm32cubeide/plugins/com.st.stm32cube.ide.mcu.externaltools.gnu-tools-for-stm32.10.3-2021.10.win32_1.0.0.202111181127/tools/bin/../lib/gcc/arm-none-eabi/10.3.1/../../../../arm-none-eabi/lib/thumb/v7e-m+fp/hard\libc_nano.a(lib_a-init.o)
                              c:/st/stm32cubeide_1.10.1/stm32cubeide/plugins/com.st.stm32cube.ide.mcu.externaltools.gnu-tools-for-stm32.10.3-2021.10.win32_1.0.0.202111181127/tools/bin/../lib/gcc/arm-none-eabi/10.3.1/../../../../arm-none-eabi/lib/thumb/v7e-m+fp/hard/crt0.o (__libc_init_array)
c:/st/stm32cubeide_1.10.1/stm32cubeide/plugins/com.st.stm32cube.ide.mcu.externaltools.gnu-tools-for-stm32.10.3-2021.10.win32_1.0.0.202111181127/tools/bin/../lib/gcc/arm-none-eabi/10.3.1/../../../../arm-none-eabi/lib/thumb/v7e-m+fp/hard\libc_nano.a(lib_a-memcpy-stub.o)
                              ./Core/Src/ssd1306.o (memcpy)
c:/st/stm32cubeide_1.10.1/stm32cubeide/plugins/com.st.stm32cube.ide.mcu.externaltools.gnu-tools-for-stm32.10.3-2021.10.win32_1.0.0.202111181127/tools/bin/../lib/gcc/arm-none-eabi/10.3.1/../../../../arm-none-eabi/lib/thumb/v7e-m+fp/hard\libc_nano.a(lib_a-memset.o)
                              c:/st/stm32cubeide_1.10.1/stm32cubeide/plugins/com.st.stm32cube.ide.mcu.externaltools.gnu-tools-for-stm32.10.3-2021.10.win32_1.0.0.202111181127/tools/bin/../lib/gcc/arm-none-eabi/10.3.1/../../../../arm-none-eabi/lib/thumb/v7e-m+fp/hard/crt0.o (memset)
c:/st/stm32cubeide_1.10.1/stm32cubeide/plugins/com.st.stm32cube.ide.mcu.externaltools.gnu-tools-for-stm32.10.3-2021.10.win32_1.0.0.202111181127/tools/bin/../lib/gcc/arm-none-eabi/10.3.1/../../../../arm-none-eabi/lib/thumb/v7e-m+fp/hard\libm.a(lib_a-s_cos.o)
                              ./Core/Src/ssd1306.o (cos)
c:/st/stm32cubeide_1.10.1/stm32cubeide/plugins/com.st.stm32cube.ide.mcu.externaltools.gnu-tools-for-stm32.10.3-2021.10.win32_1.0.0.202111181127/tools/bin/../lib/gcc/arm-none-eabi/10.3.1/../../../../arm-none-eabi/lib/thumb/v7e-m+fp/hard\libm.a(lib_a-s_sin.o)
                              ./Core/Src/ssd1306.o (sin)
c:/st/stm32cubeide_1.10.1/stm32cubeide/plugins/com.st.stm32cube.ide.mcu.externaltools.gnu-tools-for-stm32.10.3-2021.10.win32_1.0.0.202111181127/tools/bin/../lib/gcc/arm-none-eabi/10.3.1/../../../../arm-none-eabi/lib/thumb/v7e-m+fp/hard\libm.a(lib_a-wf_log10.o)
                              ./Core/Src/FFT.o (log10f)
[...]
Memory Configuration

Name             Origin             Length             Attributes
RAM              0x0000000020000000 0x0000000000050000 xrw
FLASH            0x0000000008000000 0x0000000000100000 xr
*default*        0x0000000000000000 0xffffffffffffffff

Linker script and memory map

LOAD c:/st/stm32cubeide_1.10.1/stm32cubeide/plugins/com.st.stm32cube.ide.mcu.externaltools.gnu-tools-for-stm32.10.3-2021.10.win32_1.0.0.202111181127/tools/bin/../lib/gcc/arm-none-eabi/10.3.1/thumb/v7e-m+fp/hard/crti.o
LOAD c:/st/stm32cubeide_1.10.1/stm32cubeide/plugins/com.st.stm32cube.ide.mcu.externaltools.gnu-tools-for-stm32.10.3-2021.10.win32_1.0.0.202111181127/tools/bin/../lib/gcc/arm-none-eabi/10.3.1/thumb/v7e-m+fp/hard/crtbegin.o
LOAD c:/st/stm32cubeide_1.10.1/stm32cubeide/plugins/com.st.stm32cube.ide.mcu.externaltools.gnu-tools-for-stm32.10.3-2021.10.win32_1.0.0.202111181127/tools/bin/../lib/gcc/arm-none-eabi/10.3.1/../../../../arm-none-eabi/lib/thumb/v7e-m+fp/hard/crt0.o
LOAD ./Core/Src/FFT.o
LOAD ./Core/Src/callbacks.o
LOAD ./Core/Src/global_variables.o
LOAD ./Core/Src/main.o
LOAD ./Core/Src/ssd1306.o
LOAD ./Core/Src/stm32f7xx_hal_msp.o
LOAD ./Core/Src/stm32f7xx_it.o
LOAD ./Core/Src/syscalls.o
LOAD ./Core/Src/sysmem.o
LOAD ./Core/Src/system_stm32f7xx.o
LOAD ./Core/Startup/startup_stm32f746zgtx.o
LOAD ./Drivers/STM32F7xx_HAL_Driver/Src/stm32f7xx_hal.o
LOAD ./Drivers/STM32F7xx_HAL_Driver/Src/stm32f7xx_hal_adc.o
LOAD ./Drivers/STM32F7xx_HAL_Driver/Src/stm32f7xx_hal_adc_ex.o
LOAD ./Drivers/STM32F7xx_HAL_Driver/Src/stm32f7xx_hal_cortex.o
LOAD ./Drivers/STM32F7xx_HAL_Driver/Src/stm32f7xx_hal_dma.o
LOAD ./Drivers/STM32F7xx_HAL_Driver/Src/stm32f7xx_hal_dma_ex.o
LOAD ./Drivers/STM32F7xx_HAL_Driver/Src/stm32f7xx_hal_exti.o
LOAD ./Drivers/STM32F7xx_HAL_Driver/Src/stm32f7xx_hal_flash.o
LOAD ./Drivers/STM32F7xx_HAL_Driver/Src/stm32f7xx_hal_flash_ex.o
LOAD ./Drivers/STM32F7xx_HAL_Driver/Src/stm32f7xx_hal_gpio.o
LOAD ./Drivers/STM32F7xx_HAL_Driver/Src/stm32f7xx_hal_i2c.o
LOAD ./Drivers/STM32F7xx_HAL_Driver/Src/stm32f7xx_hal_i2c_ex.o
LOAD ./Drivers/STM32F7xx_HAL_Driver/Src/stm32f7xx_hal_pcd.o
LOAD ./Drivers/STM32F7xx_HAL_Driver/Src/stm32f7xx_hal_pcd_ex.o
LOAD ./Drivers/STM32F7xx_HAL_Driver/Src/stm32f7xx_hal_pwr.o
LOAD ./Drivers/STM32F7xx_HAL_Driver/Src/stm32f7xx_hal_pwr_ex.o
LOAD ./Drivers/STM32F7xx_HAL_Driver/Src/stm32f7xx_hal_rcc.o
LOAD ./Drivers/STM32F7xx_HAL_Driver/Src/stm32f7xx_hal_rcc_ex.o
LOAD ./Drivers/STM32F7xx_HAL_Driver/Src/stm32f7xx_hal_tim.o
LOAD ./Drivers/STM32F7xx_HAL_Driver/Src/stm32f7xx_hal_tim_ex.o
LOAD ./Drivers/STM32F7xx_HAL_Driver/Src/stm32f7xx_hal_uart.o
LOAD ./Drivers/STM32F7xx_HAL_Driver/Src/stm32f7xx_hal_uart_ex.o
LOAD ./Drivers/STM32F7xx_HAL_Driver/Src/stm32f7xx_ll_usb.o
LOAD ../libs\libarm_cortexM7lfdp_math.a
START GROUP
LOAD c:/st/stm32cubeide_1.10.1/stm32cubeide/plugins/com.st.stm32cube.ide.mcu.externaltools.gnu-tools-for-stm32.10.3-2021.10.win32_1.0.0.202111181127/tools/bin/../lib/gcc/arm-none-eabi/10.3.1/../../../../arm-none-eabi/lib/thumb/v7e-m+fp/hard\libc_nano.a
LOAD c:/st/stm32cubeide_1.10.1/stm32cubeide/plugins/com.st.stm32cube.ide.mcu.externaltools.gnu-tools-for-stm32.10.3-2021.10.win32_1.0.0.202111181127/tools/bin/../lib/gcc/arm-none-eabi/10.3.1/../../../../arm-none-eabi/lib/thumb/v7e-m+fp/hard\libm.a
END GROUP
START GROUP
LOAD c:/st/stm32cubeide_1.10.1/stm32cubeide/plugins/com.st.stm32cube.ide.mcu.externaltools.gnu-tools-for-stm32.10.3-2021.10.win32_1.0.0.202111181127/tools/bin/../lib/gcc/arm-none-eabi/10.3.1/thumb/v7e-m+fp/hard\libgcc.a
LOAD c:/st/stm32cubeide_1.10.1/stm32cubeide/plugins/com.st.stm32cube.ide.mcu.externaltools.gnu-tools-for-stm32.10.3-2021.10.win32_1.0.0.202111181127/tools/bin/../lib/gcc/arm-none-eabi/10.3.1/../../../../arm-none-eabi/lib/thumb/v7e-m+fp/hard\libc_nano.a
END GROUP
START GROUP
LOAD c:/st/stm32cubeide_1.10.1/stm32cubeide/plugins/com.st.stm32cube.ide.mcu.externaltools.gnu-tools-for-stm32.10.3-2021.10.win32_1.0.0.202111181127/tools/bin/../lib/gcc/arm-none-eabi/10.3.1/thumb/v7e-m+fp/hard\libgcc.a
LOAD c:/st/stm32cubeide_1.10.1/stm32cubeide/plugins/com.st.stm32cube.ide.mcu.externaltools.gnu-tools-for-stm32.10.3-2021.10.win32_1.0.0.202111181127/tools/bin/../lib/gcc/arm-none-eabi/10.3.1/../../../../arm-none-eabi/lib/thumb/v7e-m+fp/hard\libc_nano.a
LOAD c:/st/stm32cubeide_1.10.1/stm32cubeide/plugins/com.st.stm32cube.ide.mcu.externaltools.gnu-tools-for-stm32.10.3-2021.10.win32_1.0.0.202111181127/tools/bin/../lib/gcc/arm-none-eabi/10.3.1/../../../../arm-none-eabi/lib/thumb/v7e-m+fp/hard\libnosys.a
END GROUP
START GROUP
LOAD c:/st/stm32cubeide_1.10.1/stm32cubeide/plugins/com.st.stm32cube.ide.mcu.externaltools.gnu-tools-for-stm32.10.3-2021.10.win32_1.0.0.202111181127/tools/bin/../lib/gcc/arm-none-eabi/10.3.1/thumb/v7e-m+fp/hard\libgcc.a
LOAD c:/st/stm32cubeide_1.10.1/stm32cubeide/plugins/com.st.stm32cube.ide.mcu.externaltools.gnu-tools-for-stm32.10.3-2021.10.win32_1.0.0.202111181127/tools/bin/../lib/gcc/arm-none-eabi/10.3.1/../../../../arm-none-eabi/lib/thumb/v7e-m+fp/hard\libc_nano.a
LOAD c:/st/stm32cubeide_1.10.1/stm32cubeide/plugins/com.st.stm32cube.ide.mcu.externaltools.gnu-tools-for-stm32.10.3-2021.10.win32_1.0.0.202111181127/tools/bin/../lib/gcc/arm-none-eabi/10.3.1/../../../../arm-none-eabi/lib/thumb/v7e-m+fp/hard\libnosys.a
END GROUP
LOAD c:/st/stm32cubeide_1.10.1/stm32cubeide/plugins/com.st.stm32cube.ide.mcu.externaltools.gnu-tools-for-stm32.10.3-2021.10.win32_1.0.0.202111181127/tools/bin/../lib/gcc/arm-none-eabi/10.3.1/thumb/v7e-m+fp/hard/crtend.o
LOAD c:/st/stm32cubeide_1.10.1/stm32cubeide/plugins/com.st.stm32cube.ide.mcu.externaltools.gnu-tools-for-stm32.10.3-2021.10.win32_1.0.0.202111181127/tools/bin/../lib/gcc/arm-none-eabi/10.3.1/thumb/v7e-m+fp/hard/crtn.o
                0x0000000020050000                _estack = (ORIGIN (RAM) + LENGTH (RAM))
                0x0000000000000200                _Min_Heap_Size = 0x200
                0x0000000000000400                _Min_Stack_Size = 0x400

.isr_vector     0x0000000008000000      0x1c8
                0x0000000008000000                . = ALIGN (0x4)
 *(.isr_vector)
 .isr_vector    0x0000000008000000      0x1c8 ./Core/Startup/startup_stm32f746zgtx.o
                0x0000000008000000                g_pfnVectors
                0x00000000080001c8                . = ALIGN (0x4)

.text           0x00000000080001c8     0x83b8
                0x00000000080001c8                . = ALIGN (0x4)
 *(.text)
 .text          0x00000000080001c8       0x40 c:/st/stm32cubeide_1.10.1/stm32cubeide/plugins/com.st.stm32cube.ide.mcu.externaltools.gnu-tools-for-stm32.10.3-2021.10.win32_1.0.0.202111181127/tools/bin/../lib/gcc/arm-none-eabi/10.3.1/thumb/v7e-m+fp/hard/crtbegin.o
 .text          0x0000000008000208       0xc0 ../libs\libarm_cortexM7lfdp_math.a(arm_bitreversal2.o)
                0x0000000008000208                arm_bitreversal_32
                0x0000000008000272                arm_bitreversal_16
 .text          0x00000000080002c8       0x30 c:/st/stm32cubeide_1.10.1/stm32cubeide/plugins/com.st.stm32cube.ide.mcu.externaltools.gnu-tools-for-stm32.10.3-2021.10.win32_1.0.0.202111181127/tools/bin/../lib/gcc/arm-none-eabi/10.3.1/thumb/v7e-m+fp/hard\libgcc.a(_aeabi_uldivmod.o)
                0x00000000080002c8                __aeabi_uldivmod
 .text          0x00000000080002f8      0x2d0 c:/st/stm32cubeide_1.10.1/stm32cubeide/plugins/com.st.stm32cube.ide.mcu.externaltools.gnu-tools-for-stm32.10.3-2021.10.win32_1.0.0.202111181127/tools/bin/../lib/gcc/arm-none-eabi/10.3.1/thumb/v7e-m+fp/hard\libgcc.a(_udivmoddi4.o)
                0x00000000080002f8                __udivmoddi4
 .text          0x00000000080005c8        0x4 c:/st/stm32cubeide_1.10.1/stm32cubeide/plugins/com.st.stm32cube.ide.mcu.externaltools.gnu-tools-for-stm32.10.3-2021.10.win32_1.0.0.202111181127/tools/bin/../lib/gcc/arm-none-eabi/10.3.1/thumb/v7e-m+fp/hard\libgcc.a(_dvmd_tls.o)
                0x00000000080005c8                __aeabi_idiv0
                0x00000000080005c8                __aeabi_ldiv0
 *(.text*)
 .text.abs_complex
                0x00000000080005cc       0x38 ./Core/Src/FFT.o
                0x00000000080005cc                abs_complex
 .text.DisplayFFT
                0x0000000008000604       0xd8 ./Core/Src/FFT.o
                0x0000000008000604                DisplayFFT
 .text.FFT      0x00000000080006dc      0x184 ./Core/Src/FFT.o
                0x00000000080006dc                FFT
 .text.HAL_ADC_ConvHalfCpltCallback
                0x0000000008000860       0x28 ./Core/Src/callbacks.o
                0x0000000008000860                HAL_ADC_ConvHalfCpltCallback
 .text.HAL_ADC_ConvCpltCallback
                0x0000000008000888       0x28 ./Core/Src/callbacks.o
                0x0000000008000888                HAL_ADC_ConvCpltCallback
 .text.HAL_GPIO_EXTI_Callback
                0x00000000080008b0       0x38 ./Core/Src/callbacks.o
                0x00000000080008b0                HAL_GPIO_EXTI_Callback
 .text.main_loop
                0x00000000080008e8       0xa8 ./Core/Src/main.o
                0x00000000080008e8                main_loop
 .text.main     0x0000000008000990       0x50 ./Core/Src/main.o
                0x0000000008000990                main
 .text.SystemClock_Config
                0x00000000080009e0       0xd0 ./Core/Src/main.o
                0x00000000080009e0                SystemClock_Config
 .text.MX_ADC1_Init
                0x0000000008000ab0       0xa4 ./Core/Src/main.o
 .text.MX_I2C1_Init
                0x0000000008000b54       0x80 ./Core/Src/main.o
 .text.MX_USART3_UART_Init
                0x0000000008000bd4       0x60 ./Core/Src/main.o
 .text.MX_USB_OTG_FS_PCD_Init
                0x0000000008000c34       0x5c ./Core/Src/main.o
 .text.MX_DMA_Init
                0x0000000008000c90       0x64 ./Core/Src/main.o
 .text.MX_GPIO_Init
                0x0000000008000cf4      0x1dc ./Core/Src/main.o
 .text.Error_Handler
                0x0000000008000ed0        0xa ./Core/Src/main.o
                0x0000000008000ed0                Error_Handler
 .text.ssd1306_Reset
                0x0000000008000eda        0xe ./Core/Src/ssd1306.o
                0x0000000008000eda                ssd1306_Reset
 .text.ssd1306_WriteCommand
                0x0000000008000ee8       0x30 ./Core/Src/ssd1306.o
                0x0000000008000ee8                ssd1306_WriteCommand
 .text.ssd1306_WriteData
                0x0000000008000f18       0x34 ./Core/Src/ssd1306.o
                0x0000000008000f18                ssd1306_WriteData
 .text.ssd1306_Init
                0x0000000008000f4c       0xd4 ./Core/Src/ssd1306.o
                0x0000000008000f4c                ssd1306_Init
 .text.ssd1306_Fill
                0x0000000008001020       0x48 ./Core/Src/ssd1306.o
                0x0000000008001020                ssd1306_Fill
 .text.ssd1306_UpdateScreen
                0x0000000008001068       0x50 ./Core/Src/ssd1306.o
                0x0000000008001068                ssd1306_UpdateScreen
 .text.ssd1306_DrawPixel
                0x00000000080010b8       0xa8 ./Core/Src/ssd1306.o
                0x00000000080010b8                ssd1306_DrawPixel
 .text.ssd1306_FillRectangle
                0x0000000008001160       0x9c ./Core/Src/ssd1306.o
                0x0000000008001160                ssd1306_FillRectangle
 .text.ssd1306_SetContrast
                0x00000000080011fc       0x26 ./Core/Src/ssd1306.o
                0x00000000080011fc                ssd1306_SetContrast
 *fill*         0x0000000008001222        0x2 
 .text.ssd1306_SetDisplayOn
                0x0000000008001224       0x3c ./Core/Src/ssd1306.o
                0x0000000008001224                ssd1306_SetDisplayOn
 .text.HAL_MspInit
                0x0000000008001260       0x48 ./Core/Src/stm32f7xx_hal_msp.o
                0x0000000008001260                HAL_MspInit
 .text.HAL_ADC_MspInit
                0x00000000080012a8       0xf8 ./Core/Src/stm32f7xx_hal_msp.o
                0x00000000080012a8                HAL_ADC_MspInit
 .text.HAL_I2C_MspInit
                0x00000000080013a0       0xe0 ./Core/Src/stm32f7xx_hal_msp.o
                0x00000000080013a0                HAL_I2C_MspInit
 .text.HAL_UART_MspInit
                0x0000000008001480      0x134 ./Core/Src/stm32f7xx_hal_msp.o
                0x0000000008001480                HAL_UART_MspInit
 .text.HAL_PCD_MspInit
                0x00000000080015b4       0xf4 ./Core/Src/stm32f7xx_hal_msp.o
                0x00000000080015b4                HAL_PCD_MspInit
 .text.NMI_Handler
                0x00000000080016a8        0x6 ./Core/Src/stm32f7xx_it.o
                0x00000000080016a8                NMI_Handler
 .text.HardFault_Handler
                0x00000000080016ae        0x6 ./Core/Src/stm32f7xx_it.o
                0x00000000080016ae                HardFault_Handler
 .text.MemManage_Handler
                0x00000000080016b4        0x6 ./Core/Src/stm32f7xx_it.o
                0x00000000080016b4                MemManage_Handler
 .text.BusFault_Handler
                0x00000000080016ba        0x6 ./Core/Src/stm32f7xx_it.o
                0x00000000080016ba                BusFault_Handler
 .text.UsageFault_Handler
                0x00000000080016c0        0x6 ./Core/Src/stm32f7xx_it.o
                0x00000000080016c0                UsageFault_Handler
 .text.SVC_Handler
                0x00000000080016c6        0xe ./Core/Src/stm32f7xx_it.o
                0x00000000080016c6                SVC_Handler
 .text.DebugMon_Handler
                0x00000000080016d4        0xe ./Core/Src/stm32f7xx_it.o
                0x00000000080016d4                DebugMon_Handler
 .text.PendSV_Handler
                0x00000000080016e2        0xe ./Core/Src/stm32f7xx_it.o
                0x00000000080016e2                PendSV_Handler
 .text.SysTick_Handler
                0x00000000080016f0        0xc ./Core/Src/stm32f7xx_it.o
                0x00000000080016f0                SysTick_Handler
 .text.DMA1_Stream3_IRQHandler
                0x00000000080016fc       0x14 ./Core/Src/stm32f7xx_it.o
                0x00000000080016fc                DMA1_Stream3_IRQHandler
 .text.ADC_IRQHandler
                0x0000000008001710       0x14 ./Core/Src/stm32f7xx_it.o
                0x0000000008001710                ADC_IRQHandler
 .text.I2C1_EV_IRQHandler
                0x0000000008001724       0x14 ./Core/Src/stm32f7xx_it.o
                0x0000000008001724                I2C1_EV_IRQHandler
 .text.I2C1_ER_IRQHandler
                0x0000000008001738       0x14 ./Core/Src/stm32f7xx_it.o
                0x0000000008001738                I2C1_ER_IRQHandler
 .text.USART3_IRQHandler
                0x000000000800174c       0x14 ./Core/Src/stm32f7xx_it.o
                0x000000000800174c                USART3_IRQHandler
 .text.EXTI15_10_IRQHandler
                0x0000000008001760       0x10 ./Core/Src/stm32f7xx_it.o
                0x0000000008001760                EXTI15_10_IRQHandler
 .text.DMA2_Stream0_IRQHandler
                0x0000000008001770       0x14 ./Core/Src/stm32f7xx_it.o
                0x0000000008001770                DMA2_Stream0_IRQHandler
 .text.SystemInit
                0x0000000008001784       0x24 ./Core/Src/system_stm32f7xx.o
                0x0000000008001784                SystemInit
 .text.Reset_Handler
                0x00000000080017a8       0x50 ./Core/Startup/startup_stm32f746zgtx.o
                0x00000000080017a8                Reset_Handler
 .text.Default_Handler
                0x00000000080017f8        0x2 ./Core/Startup/startup_stm32f746zgtx.o
                0x00000000080017f8                RTC_Alarm_IRQHandler
                0x00000000080017f8                EXTI2_IRQHandler
                0x00000000080017f8                TIM8_CC_IRQHandler
                0x00000000080017f8                UART8_IRQHandler
                0x00000000080017f8                SPI4_IRQHandler
                0x00000000080017f8                TIM1_CC_IRQHandler
                0x00000000080017f8                DMA2_Stream5_IRQHandler
                0x00000000080017f8                DMA1_Stream5_IRQHandler
                0x00000000080017f8                PVD_IRQHandler
                0x00000000080017f8                TAMP_STAMP_IRQHandler
                0x00000000080017f8                CAN2_RX1_IRQHandler
                0x00000000080017f8                EXTI3_IRQHandler
                0x00000000080017f8                TIM8_TRG_COM_TIM14_IRQHandler
                0x00000000080017f8                TIM1_UP_TIM10_IRQHandler
                0x00000000080017f8                TIM8_UP_TIM13_IRQHandler
                0x00000000080017f8                I2C3_ER_IRQHandler
                0x00000000080017f8                EXTI0_IRQHandler
                0x00000000080017f8                I2C2_EV_IRQHandler
                0x00000000080017f8                DMA1_Stream2_IRQHandler
                0x00000000080017f8                CAN1_RX0_IRQHandler
                0x00000000080017f8                FPU_IRQHandler
                0x00000000080017f8                OTG_HS_WKUP_IRQHandler
                0x00000000080017f8                LTDC_ER_IRQHandler
                0x00000000080017f8                CAN2_SCE_IRQHandler
                0x00000000080017f8                DMA2_Stream2_IRQHandler
                0x00000000080017f8                SPI1_IRQHandler
                0x00000000080017f8                TIM6_DAC_IRQHandler
                0x00000000080017f8                TIM1_BRK_TIM9_IRQHandler
                0x00000000080017f8                DCMI_IRQHandler
                0x00000000080017f8                CAN2_RX0_IRQHandler
                0x00000000080017f8                DMA2_Stream3_IRQHandler
                0x00000000080017f8                SAI2_IRQHandler
                0x00000000080017f8                USART6_IRQHandler
                0x00000000080017f8                CAN1_RX1_IRQHandler
                0x00000000080017f8                UART5_IRQHandler
                0x00000000080017f8                TIM4_IRQHandler
                0x00000000080017f8                QUADSPI_IRQHandler
                0x00000000080017f8                DMA1_Stream6_IRQHandler
                0x00000000080017f8                DMA1_Stream1_IRQHandler
                0x00000000080017f8                UART4_IRQHandler
                0x00000000080017f8                TIM3_IRQHandler
                0x00000000080017f8                RCC_IRQHandler
                0x00000000080017f8                TIM8_BRK_TIM12_IRQHandler
                0x00000000080017f8                Default_Handler
                0x00000000080017f8                CEC_IRQHandler
                0x00000000080017f8                DMA1_Stream7_IRQHandler
                0x00000000080017f8                SPI5_IRQHandler
                0x00000000080017f8                TIM7_IRQHandler
                0x00000000080017f8                SDMMC1_IRQHandler
                0x00000000080017f8                CAN2_TX_IRQHandler
                0x00000000080017f8                TIM5_IRQHandler
                0x00000000080017f8                DMA2_Stream7_IRQHandler
                0x00000000080017f8                I2C3_EV_IRQHandler
                0x00000000080017f8                EXTI9_5_IRQHandler
                0x00000000080017f8                RTC_WKUP_IRQHandler
                0x00000000080017f8                LTDC_IRQHandler
                0x00000000080017f8                ETH_WKUP_IRQHandler
                0x00000000080017f8                SPDIF_RX_IRQHandler
                0x00000000080017f8                SPI2_IRQHandler
                0x00000000080017f8                OTG_HS_EP1_IN_IRQHandler
                0x00000000080017f8                DMA1_Stream0_IRQHandler
                0x00000000080017f8                CAN1_TX_IRQHandler
                0x00000000080017f8                EXTI4_IRQHandler
                0x00000000080017f8                RNG_IRQHandler
                0x00000000080017f8                ETH_IRQHandler
                0x00000000080017f8                OTG_HS_EP1_OUT_IRQHandler
                0x00000000080017f8                WWDG_IRQHandler
                0x00000000080017f8                SPI6_IRQHandler
                0x00000000080017f8                I2C4_EV_IRQHandler
                0x00000000080017f8                TIM2_IRQHandler
                0x00000000080017f8                OTG_FS_WKUP_IRQHandler
                0x00000000080017f8                TIM1_TRG_COM_TIM11_IRQHandler
                0x00000000080017f8                OTG_HS_IRQHandler
                0x00000000080017f8                DMA2D_IRQHandler
                0x00000000080017f8                EXTI1_IRQHandler
                0x00000000080017f8                UART7_IRQHandler
                0x00000000080017f8                USART2_IRQHandler
                0x00000000080017f8                I2C2_ER_IRQHandler
                0x00000000080017f8                DMA2_Stream1_IRQHandler
                0x00000000080017f8                CAN1_SCE_IRQHandler
                0x00000000080017f8                FLASH_IRQHandler
                0x00000000080017f8                DMA2_Stream4_IRQHandler
                0x00000000080017f8                USART1_IRQHandler
                0x00000000080017f8                OTG_FS_IRQHandler
                0x00000000080017f8                SPI3_IRQHandler
                0x00000000080017f8                DMA1_Stream4_IRQHandler
                0x00000000080017f8                FMC_IRQHandler
                0x00000000080017f8                LPTIM1_IRQHandler
                0x00000000080017f8                I2C4_ER_IRQHandler
                0x00000000080017f8                DMA2_Stream6_IRQHandler
                0x00000000080017f8                SAI1_IRQHandler
 .text.HAL_Init
                0x00000000080017fa       0x1a ./Drivers/STM32F7xx_HAL_Driver/Src/stm32f7xx_hal.o
                0x00000000080017fa                HAL_Init
 .text.HAL_InitTick
                0x0000000008001814       0x60 ./Drivers/STM32F7xx_HAL_Driver/Src/stm32f7xx_hal.o
                0x0000000008001814                HAL_InitTick
 .text.HAL_IncTick
                0x0000000008001874       0x28 ./Drivers/STM32F7xx_HAL_Driver/Src/stm32f7xx_hal.o
                0x0000000008001874                HAL_IncTick
 .text.HAL_GetTick
                0x000000000800189c       0x18 ./Drivers/STM32F7xx_HAL_Driver/Src/stm32f7xx_hal.o
                0x000000000800189c                HAL_GetTick
 .text.HAL_Delay
                0x00000000080018b4       0x48 ./Drivers/STM32F7xx_HAL_Driver/Src/stm32f7xx_hal.o
                0x00000000080018b4                HAL_Delay
 .text.HAL_ADC_Init
                0x00000000080018fc       0x88 ./Drivers/STM32F7xx_HAL_Driver/Src/stm32f7xx_hal_adc.o
                0x00000000080018fc                HAL_ADC_Init
 .text.HAL_ADC_IRQHandler
                0x0000000008001984      0x220 ./Drivers/STM32F7xx_HAL_Driver/Src/stm32f7xx_hal_adc.o
                0x0000000008001984                HAL_ADC_IRQHandler
 .text.HAL_ADC_Start_DMA
                0x0000000008001ba4      0x1f4 ./Drivers/STM32F7xx_HAL_Driver/Src/stm32f7xx_hal_adc.o
                0x0000000008001ba4                HAL_ADC_Start_DMA
 .text.HAL_ADC_LevelOutOfWindowCallback
                0x0000000008001d98       0x14 ./Drivers/STM32F7xx_HAL_Driver/Src/stm32f7xx_hal_adc.o
                0x0000000008001d98                HAL_ADC_LevelOutOfWindowCallback
 .text.HAL_ADC_ErrorCallback
                0x0000000008001dac       0x14 ./Drivers/STM32F7xx_HAL_Driver/Src/stm32f7xx_hal_adc.o
                0x0000000008001dac                HAL_ADC_ErrorCallback
 .text.HAL_ADC_ConfigChannel
                0x0000000008001dc0      0x2ac ./Drivers/STM32F7xx_HAL_Driver/Src/stm32f7xx_hal_adc.o
                0x0000000008001dc0                HAL_ADC_ConfigChannel
 .text.ADC_Init
                0x000000000800206c      0x1f4 ./Drivers/STM32F7xx_HAL_Driver/Src/stm32f7xx_hal_adc.o
 .text.ADC_DMAConvCplt
                0x0000000008002260       0xba ./Drivers/STM32F7xx_HAL_Driver/Src/stm32f7xx_hal_adc.o
 .text.ADC_DMAHalfConvCplt
                0x000000000800231a       0x1c ./Drivers/STM32F7xx_HAL_Driver/Src/stm32f7xx_hal_adc.o
 .text.ADC_DMAError
                0x0000000008002336       0x2e ./Drivers/STM32F7xx_HAL_Driver/Src/stm32f7xx_hal_adc.o
 .text.HAL_ADCEx_InjectedConvCpltCallback
                0x0000000008002364       0x14 ./Drivers/STM32F7xx_HAL_Driver/Src/stm32f7xx_hal_adc_ex.o
                0x0000000008002364                HAL_ADCEx_InjectedConvCpltCallback
 .text.__NVIC_SetPriorityGrouping
                0x0000000008002378       0x48 ./Drivers/STM32F7xx_HAL_Driver/Src/stm32f7xx_hal_cortex.o
 .text.__NVIC_GetPriorityGrouping
                0x00000000080023c0       0x1c ./Drivers/STM32F7xx_HAL_Driver/Src/stm32f7xx_hal_cortex.o
 .text.__NVIC_EnableIRQ
                0x00000000080023dc       0x3c ./Drivers/STM32F7xx_HAL_Driver/Src/stm32f7xx_hal_cortex.o
 .text.__NVIC_SetPriority
                0x0000000008002418       0x54 ./Drivers/STM32F7xx_HAL_Driver/Src/stm32f7xx_hal_cortex.o
 .text.NVIC_EncodePriority
                0x000000000800246c       0x66 ./Drivers/STM32F7xx_HAL_Driver/Src/stm32f7xx_hal_cortex.o
 *fill*         0x00000000080024d2        0x2 
 .text.SysTick_Config
                0x00000000080024d4       0x44 ./Drivers/STM32F7xx_HAL_Driver/Src/stm32f7xx_hal_cortex.o
 .text.HAL_NVIC_SetPriorityGrouping
                0x0000000008002518       0x16 ./Drivers/STM32F7xx_HAL_Driver/Src/stm32f7xx_hal_cortex.o
                0x0000000008002518                HAL_NVIC_SetPriorityGrouping
 .text.HAL_NVIC_SetPriority
                0x000000000800252e       0x38 ./Drivers/STM32F7xx_HAL_Driver/Src/stm32f7xx_hal_cortex.o
                0x000000000800252e                HAL_NVIC_SetPriority
 .text.HAL_NVIC_EnableIRQ
                0x0000000008002566       0x1c ./Drivers/STM32F7xx_HAL_Driver/Src/stm32f7xx_hal_cortex.o
                0x0000000008002566                HAL_NVIC_EnableIRQ
 .text.HAL_SYSTICK_Config
                0x0000000008002582       0x18 ./Drivers/STM32F7xx_HAL_Driver/Src/stm32f7xx_hal_cortex.o
                0x0000000008002582                HAL_SYSTICK_Config
 *fill*         0x000000000800259a        0x2 
 .text.HAL_DMA_Init
                0x000000000800259c      0x15c ./Drivers/STM32F7xx_HAL_Driver/Src/stm32f7xx_hal_dma.o
                0x000000000800259c                HAL_DMA_Init
 .text.HAL_DMA_Start_IT
                0x00000000080026f8       0xc0 ./Drivers/STM32F7xx_HAL_Driver/Src/stm32f7xx_hal_dma.o
                0x00000000080026f8                HAL_DMA_Start_IT
 .text.HAL_DMA_Abort
                0x00000000080027b8       0xe0 ./Drivers/STM32F7xx_HAL_Driver/Src/stm32f7xx_hal_dma.o
                0x00000000080027b8                HAL_DMA_Abort
 .text.HAL_DMA_Abort_IT
                0x0000000008002898       0x44 ./Drivers/STM32F7xx_HAL_Driver/Src/stm32f7xx_hal_dma.o
                0x0000000008002898                HAL_DMA_Abort_IT
 .text.HAL_DMA_IRQHandler
                0x00000000080028dc      0x314 ./Drivers/STM32F7xx_HAL_Driver/Src/stm32f7xx_hal_dma.o
                0x00000000080028dc                HAL_DMA_IRQHandler
 .text.HAL_DMA_GetState
                0x0000000008002bf0       0x1c ./Drivers/STM32F7xx_HAL_Driver/Src/stm32f7xx_hal_dma.o
                0x0000000008002bf0                HAL_DMA_GetState
 .text.DMA_SetConfig
                0x0000000008002c0c       0x5c ./Drivers/STM32F7xx_HAL_Driver/Src/stm32f7xx_hal_dma.o
 .text.DMA_CalcBaseAndBitshift
                0x0000000008002c68       0x6c ./Drivers/STM32F7xx_HAL_Driver/Src/stm32f7xx_hal_dma.o
 .text.DMA_CheckFifoParam
                0x0000000008002cd4       0xf8 ./Drivers/STM32F7xx_HAL_Driver/Src/stm32f7xx_hal_dma.o
 .text.HAL_GPIO_Init
                0x0000000008002dcc      0x358 ./Drivers/STM32F7xx_HAL_Driver/Src/stm32f7xx_hal_gpio.o
                0x0000000008002dcc                HAL_GPIO_Init
 .text.HAL_GPIO_WritePin
                0x0000000008003124       0x32 ./Drivers/STM32F7xx_HAL_Driver/Src/stm32f7xx_hal_gpio.o
                0x0000000008003124                HAL_GPIO_WritePin
 *fill*         0x0000000008003156        0x2 
 .text.HAL_GPIO_EXTI_IRQHandler
                0x0000000008003158       0x30 ./Drivers/STM32F7xx_HAL_Driver/Src/stm32f7xx_hal_gpio.o
                0x0000000008003158                HAL_GPIO_EXTI_IRQHandler
 .text.HAL_I2C_Init
                0x0000000008003188      0x120 ./Drivers/STM32F7xx_HAL_Driver/Src/stm32f7xx_hal_i2c.o
                0x0000000008003188                HAL_I2C_Init
 .text.HAL_I2C_Mem_Write
                0x00000000080032a8      0x228 ./Drivers/STM32F7xx_HAL_Driver/Src/stm32f7xx_hal_i2c.o
                0x00000000080032a8                HAL_I2C_Mem_Write
 .text.HAL_I2C_EV_IRQHandler
                0x00000000080034d0       0x34 ./Drivers/STM32F7xx_HAL_Driver/Src/stm32f7xx_hal_i2c.o
                0x00000000080034d0                HAL_I2C_EV_IRQHandler
 .text.HAL_I2C_ER_IRQHandler
                0x0000000008003504       0xc2 ./Drivers/STM32F7xx_HAL_Driver/Src/stm32f7xx_hal_i2c.o
                0x0000000008003504                HAL_I2C_ER_IRQHandler
 .text.HAL_I2C_SlaveTxCpltCallback
                0x00000000080035c6       0x14 ./Drivers/STM32F7xx_HAL_Driver/Src/stm32f7xx_hal_i2c.o
                0x00000000080035c6                HAL_I2C_SlaveTxCpltCallback
 .text.HAL_I2C_SlaveRxCpltCallback
                0x00000000080035da       0x14 ./Drivers/STM32F7xx_HAL_Driver/Src/stm32f7xx_hal_i2c.o
                0x00000000080035da                HAL_I2C_SlaveRxCpltCallback
 .text.HAL_I2C_AddrCallback
                0x00000000080035ee       0x1c ./Drivers/STM32F7xx_HAL_Driver/Src/stm32f7xx_hal_i2c.o
                0x00000000080035ee                HAL_I2C_AddrCallback
 .text.HAL_I2C_ListenCpltCallback
                0x000000000800360a       0x14 ./Drivers/STM32F7xx_HAL_Driver/Src/stm32f7xx_hal_i2c.o
                0x000000000800360a                HAL_I2C_ListenCpltCallback
 .text.HAL_I2C_ErrorCallback
                0x000000000800361e       0x14 ./Drivers/STM32F7xx_HAL_Driver/Src/stm32f7xx_hal_i2c.o
                0x000000000800361e                HAL_I2C_ErrorCallback
 .text.HAL_I2C_AbortCpltCallback
                0x0000000008003632       0x14 ./Drivers/STM32F7xx_HAL_Driver/Src/stm32f7xx_hal_i2c.o
                0x0000000008003632                HAL_I2C_AbortCpltCallback
 .text.I2C_Slave_ISR_IT
                0x0000000008003646      0x206 ./Drivers/STM32F7xx_HAL_Driver/Src/stm32f7xx_hal_i2c.o
 .text.I2C_RequestMemoryWrite
                0x000000000800384c       0xa8 ./Drivers/STM32F7xx_HAL_Driver/Src/stm32f7xx_hal_i2c.o
 .text.I2C_ITAddrCplt
                0x00000000080038f4      0x108 ./Drivers/STM32F7xx_HAL_Driver/Src/stm32f7xx_hal_i2c.o
 .text.I2C_ITSlaveSeqCplt
                0x00000000080039fc       0xbc ./Drivers/STM32F7xx_HAL_Driver/Src/stm32f7xx_hal_i2c.o
 .text.I2C_ITSlaveCplt
                0x0000000008003ab8      0x214 ./Drivers/STM32F7xx_HAL_Driver/Src/stm32f7xx_hal_i2c.o
 .text.I2C_ITListenCplt
                0x0000000008003ccc       0xac ./Drivers/STM32F7xx_HAL_Driver/Src/stm32f7xx_hal_i2c.o
 .text.I2C_ITError
                0x0000000008003d78      0x1a0 ./Drivers/STM32F7xx_HAL_Driver/Src/stm32f7xx_hal_i2c.o
 .text.I2C_TreatErrorCallback
                0x0000000008003f18       0x4e ./Drivers/STM32F7xx_HAL_Driver/Src/stm32f7xx_hal_i2c.o
 .text.I2C_Flush_TXDR
                0x0000000008003f66       0x48 ./Drivers/STM32F7xx_HAL_Driver/Src/stm32f7xx_hal_i2c.o
 .text.I2C_DMAAbort
                0x0000000008003fae       0x3c ./Drivers/STM32F7xx_HAL_Driver/Src/stm32f7xx_hal_i2c.o
 .text.I2C_WaitOnFlagUntilTimeout
                0x0000000008003fea       0x80 ./Drivers/STM32F7xx_HAL_Driver/Src/stm32f7xx_hal_i2c.o
 .text.I2C_WaitOnTXISFlagUntilTimeout
                0x000000000800406a       0x80 ./Drivers/STM32F7xx_HAL_Driver/Src/stm32f7xx_hal_i2c.o
 .text.I2C_WaitOnSTOPFlagUntilTimeout
                0x00000000080040ea       0x78 ./Drivers/STM32F7xx_HAL_Driver/Src/stm32f7xx_hal_i2c.o
 *fill*         0x0000000008004162        0x2 
 .text.I2C_IsErrorOccurred
                0x0000000008004164      0x1c0 ./Drivers/STM32F7xx_HAL_Driver/Src/stm32f7xx_hal_i2c.o
 .text.I2C_TransferConfig
                0x0000000008004324       0x64 ./Drivers/STM32F7xx_HAL_Driver/Src/stm32f7xx_hal_i2c.o
 .text.I2C_Disable_IRQ
                0x0000000008004388       0xbc ./Drivers/STM32F7xx_HAL_Driver/Src/stm32f7xx_hal_i2c.o
 .text.HAL_I2CEx_ConfigAnalogFilter
                0x0000000008004444       0x96 ./Drivers/STM32F7xx_HAL_Driver/Src/stm32f7xx_hal_i2c_ex.o
                0x0000000008004444                HAL_I2CEx_ConfigAnalogFilter
 .text.HAL_I2CEx_ConfigDigitalFilter
                0x00000000080044da       0x98 ./Drivers/STM32F7xx_HAL_Driver/Src/stm32f7xx_hal_i2c_ex.o
                0x00000000080044da                HAL_I2CEx_ConfigDigitalFilter
 .text.HAL_PCD_Init
                0x0000000008004572      0x248 ./Drivers/STM32F7xx_HAL_Driver/Src/stm32f7xx_hal_pcd.o
                0x0000000008004572                HAL_PCD_Init
 *fill*         0x00000000080047ba        0x2 
 .text.HAL_PCDEx_ActivateLPM
                0x00000000080047bc       0x48 ./Drivers/STM32F7xx_HAL_Driver/Src/stm32f7xx_hal_pcd_ex.o
                0x00000000080047bc                HAL_PCDEx_ActivateLPM
 .text.HAL_PWR_EnableBkUpAccess
                0x0000000008004804       0x20 ./Drivers/STM32F7xx_HAL_Driver/Src/stm32f7xx_hal_pwr.o
                0x0000000008004804                HAL_PWR_EnableBkUpAccess
 .text.HAL_RCC_OscConfig
                0x0000000008004824      0x548 ./Drivers/STM32F7xx_HAL_Driver/Src/stm32f7xx_hal_rcc.o
                0x0000000008004824                HAL_RCC_OscConfig
 .text.HAL_RCC_ClockConfig
                0x0000000008004d6c      0x1d8 ./Drivers/STM32F7xx_HAL_Driver/Src/stm32f7xx_hal_rcc.o
                0x0000000008004d6c                HAL_RCC_ClockConfig
 .text.HAL_RCC_GetSysClockFreq
                0x0000000008004f44      0x20c ./Drivers/STM32F7xx_HAL_Driver/Src/stm32f7xx_hal_rcc.o
                0x0000000008004f44                HAL_RCC_GetSysClockFreq
 .text.HAL_RCC_GetHCLKFreq
                0x0000000008005150       0x18 ./Drivers/STM32F7xx_HAL_Driver/Src/stm32f7xx_hal_rcc.o
                0x0000000008005150                HAL_RCC_GetHCLKFreq
 .text.HAL_RCC_GetPCLK1Freq
                0x0000000008005168       0x28 ./Drivers/STM32F7xx_HAL_Driver/Src/stm32f7xx_hal_rcc.o
                0x0000000008005168                HAL_RCC_GetPCLK1Freq
 .text.HAL_RCC_GetPCLK2Freq
                0x0000000008005190       0x28 ./Drivers/STM32F7xx_HAL_Driver/Src/stm32f7xx_hal_rcc.o
                0x0000000008005190                HAL_RCC_GetPCLK2Freq
 .text.HAL_RCCEx_PeriphCLKConfig
                0x00000000080051b8      0x7e0 ./Drivers/STM32F7xx_HAL_Driver/Src/stm32f7xx_hal_rcc_ex.o
                0x00000000080051b8                HAL_RCCEx_PeriphCLKConfig
 .text.HAL_UART_Init
                0x0000000008005998       0x9c ./Drivers/STM32F7xx_HAL_Driver/Src/stm32f7xx_hal_uart.o
                0x0000000008005998                HAL_UART_Init
 .text.HAL_UART_Transmit_DMA
                0x0000000008005a34       0xf8 ./Drivers/STM32F7xx_HAL_Driver/Src/stm32f7xx_hal_uart.o
                0x0000000008005a34                HAL_UART_Transmit_DMA
 .text.HAL_UART_IRQHandler
                0x0000000008005b2c      0x5a4 ./Drivers/STM32F7xx_HAL_Driver/Src/stm32f7xx_hal_uart.o
                0x0000000008005b2c                HAL_UART_IRQHandler
 .text.HAL_UART_TxCpltCallback
                0x00000000080060d0       0x14 ./Drivers/STM32F7xx_HAL_Driver/Src/stm32f7xx_hal_uart.o
                0x00000000080060d0                HAL_UART_TxCpltCallback
 .text.HAL_UART_TxHalfCpltCallback
                0x00000000080060e4       0x14 ./Drivers/STM32F7xx_HAL_Driver/Src/stm32f7xx_hal_uart.o
                0x00000000080060e4                HAL_UART_TxHalfCpltCallback
 .text.HAL_UART_ErrorCallback
                0x00000000080060f8       0x14 ./Drivers/STM32F7xx_HAL_Driver/Src/stm32f7xx_hal_uart.o
                0x00000000080060f8                HAL_UART_ErrorCallback
 .text.HAL_UARTEx_RxEventCallback
                0x000000000800610c       0x18 ./Drivers/STM32F7xx_HAL_Driver/Src/stm32f7xx_hal_uart.o
                0x000000000800610c                HAL_UARTEx_RxEventCallback
 .text.UART_SetConfig
                0x0000000008006124      0x4c8 ./Drivers/STM32F7xx_HAL_Driver/Src/stm32f7xx_hal_uart.o
                0x0000000008006124                UART_SetConfig
 .text.UART_AdvFeatureConfig
                0x00000000080065ec      0x144 ./Drivers/STM32F7xx_HAL_Driver/Src/stm32f7xx_hal_uart.o
                0x00000000080065ec                UART_AdvFeatureConfig
 .text.UART_CheckIdleState
                0x0000000008006730       0x6e ./Drivers/STM32F7xx_HAL_Driver/Src/stm32f7xx_hal_uart.o
                0x0000000008006730                UART_CheckIdleState
 .text.UART_WaitOnFlagUntilTimeout
                0x000000000800679e      0x18c ./Drivers/STM32F7xx_HAL_Driver/Src/stm32f7xx_hal_uart.o
                0x000000000800679e                UART_WaitOnFlagUntilTimeout
 .text.UART_EndTxTransfer
                0x000000000800692a       0x4c ./Drivers/STM32F7xx_HAL_Driver/Src/stm32f7xx_hal_uart.o
 .text.UART_EndRxTransfer
                0x0000000008006976       0xc8 ./Drivers/STM32F7xx_HAL_Driver/Src/stm32f7xx_hal_uart.o
 .text.UART_DMATransmitCplt
                0x0000000008006a3e       0x96 ./Drivers/STM32F7xx_HAL_Driver/Src/stm32f7xx_hal_uart.o
 .text.UART_DMATxHalfCplt
                0x0000000008006ad4       0x1c ./Drivers/STM32F7xx_HAL_Driver/Src/stm32f7xx_hal_uart.o
 .text.UART_DMAError
                0x0000000008006af0       0x7e ./Drivers/STM32F7xx_HAL_Driver/Src/stm32f7xx_hal_uart.o
 .text.UART_DMAAbortOnError
                0x0000000008006b6e       0x2c ./Drivers/STM32F7xx_HAL_Driver/Src/stm32f7xx_hal_uart.o
 .text.UART_EndTransmit_IT
                0x0000000008006b9a       0x54 ./Drivers/STM32F7xx_HAL_Driver/Src/stm32f7xx_hal_uart.o
 *fill*         0x0000000008006bee        0x2 
 .text.USB_CoreInit
                0x0000000008006bf0       0xb0 ./Drivers/STM32F7xx_HAL_Driver/Src/stm32f7xx_ll_usb.o
                0x0000000008006bf0                USB_CoreInit
 .text.USB_DisableGlobalInt
                0x0000000008006ca0       0x22 ./Drivers/STM32F7xx_HAL_Driver/Src/stm32f7xx_ll_usb.o
                0x0000000008006ca0                USB_DisableGlobalInt
 .text.USB_SetCurrentMode
                0x0000000008006cc2       0x98 ./Drivers/STM32F7xx_HAL_Driver/Src/stm32f7xx_ll_usb.o
                0x0000000008006cc2                USB_SetCurrentMode
 *fill*         0x0000000008006d5a        0x2 
 .text.USB_DevInit
                0x0000000008006d5c      0x2bc ./Drivers/STM32F7xx_HAL_Driver/Src/stm32f7xx_ll_usb.o
                0x0000000008006d5c                USB_DevInit
 .text.USB_FlushTxFifo
                0x0000000008007018       0x68 ./Drivers/STM32F7xx_HAL_Driver/Src/stm32f7xx_ll_usb.o
                0x0000000008007018                USB_FlushTxFifo
 .text.USB_FlushRxFifo
                0x0000000008007080       0x60 ./Drivers/STM32F7xx_HAL_Driver/Src/stm32f7xx_ll_usb.o
                0x0000000008007080                USB_FlushRxFifo
 .text.USB_SetDevSpeed
                0x00000000080070e0       0x32 ./Drivers/STM32F7xx_HAL_Driver/Src/stm32f7xx_ll_usb.o
                0x00000000080070e0                USB_SetDevSpeed
 .text.USB_DevDisconnect
                0x0000000008007112       0x42 ./Drivers/STM32F7xx_HAL_Driver/Src/stm32f7xx_ll_usb.o
                0x0000000008007112                USB_DevDisconnect
 .text.USB_GetMode
                0x0000000008007154       0x1c ./Drivers/STM32F7xx_HAL_Driver/Src/stm32f7xx_ll_usb.o
                0x0000000008007154                USB_GetMode
 .text.USB_CoreReset
                0x0000000008007170       0x68 ./Drivers/STM32F7xx_HAL_Driver/Src/stm32f7xx_ll_usb.o
 .text.arm_rfft_fast_init_f32
                0x00000000080071d8      0x164 ../libs\libarm_cortexM7lfdp_math.a(arm_rfft_fast_init_f32.o)
                0x00000000080071d8                arm_rfft_fast_init_f32
 .text.arm_rfft_fast_f32
                0x000000000800733c      0x188 ../libs\libarm_cortexM7lfdp_math.a(arm_rfft_fast_f32.o)
                0x000000000800733c                arm_rfft_fast_f32
 .text.arm_cfft_radix8by2_f32
                0x00000000080074c4      0x1a4 ../libs\libarm_cortexM7lfdp_math.a(arm_cfft_f32.o)
                0x00000000080074c4                arm_cfft_radix8by2_f32
 .text.arm_cfft_radix8by4_f32
                0x0000000008007668      0x4b0 ../libs\libarm_cortexM7lfdp_math.a(arm_cfft_f32.o)
                0x0000000008007668                arm_cfft_radix8by4_f32
 .text.arm_cfft_f32
                0x0000000008007b18       0xf0 ../libs\libarm_cortexM7lfdp_math.a(arm_cfft_f32.o)
                0x0000000008007b18                arm_cfft_f32
 .text.arm_radix8_butterfly_f32
                0x0000000008007c08      0x5c0 ../libs\libarm_cortexM7lfdp_math.a(arm_cfft_radix8_f32.o)
                0x0000000008007c08                arm_radix8_butterfly_f32
 .text.__errno  0x00000000080081c8        0xc c:/st/stm32cubeide_1.10.1/stm32cubeide/plugins/com.st.stm32cube.ide.mcu.externaltools.gnu-tools-for-stm32.10.3-2021.10.win32_1.0.0.202111181127/tools/bin/../lib/gcc/arm-none-eabi/10.3.1/../../../../arm-none-eabi/lib/thumb/v7e-m+fp/hard\libc_nano.a(lib_a-errno.o)
                0x00000000080081c8                __errno
 .text.__libc_init_array
                0x00000000080081d4       0x48 c:/st/stm32cubeide_1.10.1/stm32cubeide/plugins/com.st.stm32cube.ide.mcu.externaltools.gnu-tools-for-stm32.10.3-2021.10.win32_1.0.0.202111181127/tools/bin/../lib/gcc/arm-none-eabi/10.3.1/../../../../arm-none-eabi/lib/thumb/v7e-m+fp/hard\libc_nano.a(lib_a-init.o)
                0x00000000080081d4                __libc_init_array
 .text.memset   0x000000000800821c       0x10 c:/st/stm32cubeide_1.10.1/stm32cubeide/plugins/com.st.stm32cube.ide.mcu.externaltools.gnu-tools-for-stm32.10.3-2021.10.win32_1.0.0.202111181127/tools/bin/../lib/gcc/arm-none-eabi/10.3.1/../../../../arm-none-eabi/lib/thumb/v7e-m+fp/hard\libc_nano.a(lib_a-memset.o)
                0x000000000800821c                memset
 .text.log10f   0x000000000800822c       0x5c c:/st/stm32cubeide_1.10.1/stm32cubeide/plugins/com.st.stm32cube.ide.mcu.externaltools.gnu-tools-for-stm32.10.3-2021.10.win32_1.0.0.202111181127/tools/bin/../lib/gcc/arm-none-eabi/10.3.1/../../../../arm-none-eabi/lib/thumb/v7e-m+fp/hard\libm.a(lib_a-wf_log10.o)
                0x000000000800822c                log10f
 .text.sqrtf    0x0000000008008288       0x3c c:/st/stm32cubeide_1.10.1/stm32cubeide/plugins/com.st.stm32cube.ide.mcu.externaltools.gnu-tools-for-stm32.10.3-2021.10.win32_1.0.0.202111181127/tools/bin/../lib/gcc/arm-none-eabi/10.3.1/../../../../arm-none-eabi/lib/thumb/v7e-m+fp/hard\libm.a(lib_a-wf_sqrt.o)
                0x0000000008008288                sqrtf
 .text.__ieee754_log10f
                0x00000000080082c4       0xb0 c:/st/stm32cubeide_1.10.1/stm32cubeide/plugins/com.st.stm32cube.ide.mcu.externaltools.gnu-tools-for-stm32.10.3-2021.10.win32_1.0.0.202111181127/tools/bin/../lib/gcc/arm-none-eabi/10.3.1/../../../../arm-none-eabi/lib/thumb/v7e-m+fp/hard\libm.a(lib_a-ef_log10.o)
                0x00000000080082c4                __ieee754_log10f
 .text.__ieee754_sqrtf
                0x0000000008008374        0x6 c:/st/stm32cubeide_1.10.1/stm32cubeide/plugins/com.st.stm32cube.ide.mcu.externaltools.gnu-tools-for-stm32.10.3-2021.10.win32_1.0.0.202111181127/tools/bin/../lib/gcc/arm-none-eabi/10.3.1/../../../../arm-none-eabi/lib/thumb/v7e-m+fp/hard\libm.a(lib_a-ef_sqrt.o)
                0x0000000008008374                __ieee754_sqrtf
 *fill*         0x000000000800837a        0x2 
 .text.nanf     0x000000000800837c        0xc c:/st/stm32cubeide_1.10.1/stm32cubeide/plugins/com.st.stm32cube.ide.mcu.externaltools.gnu-tools-for-stm32.10.3-2021.10.win32_1.0.0.202111181127/tools/bin/../lib/gcc/arm-none-eabi/10.3.1/../../../../arm-none-eabi/lib/thumb/v7e-m+fp/hard\libm.a(lib_a-sf_nan.o)
                0x000000000800837c                nanf
 .text.__ieee754_logf
                0x0000000008008388      0x1e0 c:/st/stm32cubeide_1.10.1/stm32cubeide/plugins/com.st.stm32cube.ide.mcu.externaltools.gnu-tools-for-stm32.10.3-2021.10.win32_1.0.0.202111181127/tools/bin/../lib/gcc/arm-none-eabi/10.3.1/../../../../arm-none-eabi/lib/thumb/v7e-m+fp/hard\libm.a(lib_a-ef_log.o)
                0x0000000008008388                __ieee754_logf
 *(.glue_7)
 .glue_7        0x0000000008008568        0x0 linker stubs
 *(.glue_7t)
 .glue_7t       0x0000000008008568        0x0 linker stubs
 *(.eh_frame)
 .eh_frame      0x0000000008008568        0x0 c:/st/stm32cubeide_1.10.1/stm32cubeide/plugins/com.st.stm32cube.ide.mcu.externaltools.gnu-tools-for-stm32.10.3-2021.10.win32_1.0.0.202111181127/tools/bin/../lib/gcc/arm-none-eabi/10.3.1/thumb/v7e-m+fp/hard/crtbegin.o
 *(.init)
 .init          0x0000000008008568        0x4 c:/st/stm32cubeide_1.10.1/stm32cubeide/plugins/com.st.stm32cube.ide.mcu.externaltools.gnu-tools-for-stm32.10.3-2021.10.win32_1.0.0.202111181127/tools/bin/../lib/gcc/arm-none-eabi/10.3.1/thumb/v7e-m+fp/hard/crti.o
                0x0000000008008568                _init
 .init          0x000000000800856c        0x8 c:/st/stm32cubeide_1.10.1/stm32cubeide/plugins/com.st.stm32cube.ide.mcu.externaltools.gnu-tools-for-stm32.10.3-2021.10.win32_1.0.0.202111181127/tools/bin/../lib/gcc/arm-none-eabi/10.3.1/thumb/v7e-m+fp/hard/crtn.o
 *(.fini)
 .fini          0x0000000008008574        0x4 c:/st/stm32cubeide_1.10.1/stm32cubeide/plugins/com.st.stm32cube.ide.mcu.externaltools.gnu-tools-for-stm32.10.3-2021.10.win32_1.0.0.202111181127/tools/bin/../lib/gcc/arm-none-eabi/10.3.1/thumb/v7e-m+fp/hard/crti.o
                0x0000000008008574                _fini
 .fini          0x0000000008008578        0x8 c:/st/stm32cubeide_1.10.1/stm32cubeide/plugins/com.st.stm32cube.ide.mcu.externaltools.gnu-tools-for-stm32.10.3-2021.10.win32_1.0.0.202111181127/tools/bin/../lib/gcc/arm-none-eabi/10.3.1/thumb/v7e-m+fp/hard/crtn.o
                0x0000000008008580                . = ALIGN (0x4)
                0x0000000008008580                _etext = .

.vfp11_veneer   0x0000000008008580        0x0
 .vfp11_veneer  0x0000000008008580        0x0 linker stubs

.v4_bx          0x0000000008008580        0x0
 .v4_bx         0x0000000008008580        0x0 linker stubs

.iplt           0x0000000008008580        0x0
 .iplt          0x0000000008008580        0x0 c:/st/stm32cubeide_1.10.1/stm32cubeide/plugins/com.st.stm32cube.ide.mcu.externaltools.gnu-tools-for-stm32.10.3-2021.10.win32_1.0.0.202111181127/tools/bin/../lib/gcc/arm-none-eabi/10.3.1/thumb/v7e-m+fp/hard/crtbegin.o

.rodata         0x0000000008008580    0x1347c
                0x0000000008008580                . = ALIGN (0x4)
 *(.rodata)
 *(.rodata*)
 .rodata.AHBPrescTable
                0x0000000008008580       0x10 ./Core/Src/system_stm32f7xx.o
                0x0000000008008580                AHBPrescTable
 .rodata.APBPrescTable
                0x0000000008008590        0x8 ./Core/Src/system_stm32f7xx.o
                0x0000000008008590                APBPrescTable
 .rodata.flagBitshiftOffset.0
                0x0000000008008598        0x8 ./Drivers/STM32F7xx_HAL_Driver/Src/stm32f7xx_hal_dma.o
 .rodata.twiddleCoef_2048
                0x00000000080085a0     0x4000 ../libs\libarm_cortexM7lfdp_math.a(arm_common_tables.o)
                0x00000000080085a0                twiddleCoef_2048
 .rodata.twiddleCoef_rfft_64
                0x000000000800c5a0      0x100 ../libs\libarm_cortexM7lfdp_math.a(arm_common_tables.o)
                0x000000000800c5a0                twiddleCoef_rfft_64
 .rodata.armBitRevIndexTable64
                0x000000000800c6a0       0x70 ../libs\libarm_cortexM7lfdp_math.a(arm_common_tables.o)
                0x000000000800c6a0                armBitRevIndexTable64
 .rodata.twiddleCoef_rfft_2048
                0x000000000800c710     0x2000 ../libs\libarm_cortexM7lfdp_math.a(arm_common_tables.o)
                0x000000000800c710                twiddleCoef_rfft_2048
 .rodata.twiddleCoef_rfft_4096
                0x000000000800e710     0x4000 ../libs\libarm_cortexM7lfdp_math.a(arm_common_tables.o)
                0x000000000800e710                twiddleCoef_rfft_4096
 .rodata.twiddleCoef_256
                0x0000000008012710      0x800 ../libs\libarm_cortexM7lfdp_math.a(arm_common_tables.o)
                0x0000000008012710                twiddleCoef_256
 .rodata.twiddleCoef_16
                0x0000000008012f10       0x80 ../libs\libarm_cortexM7lfdp_math.a(arm_common_tables.o)
                0x0000000008012f10                twiddleCoef_16
 .rodata.twiddleCoef_1024
                0x0000000008012f90     0x2000 ../libs\libarm_cortexM7lfdp_math.a(arm_common_tables.o)
                0x0000000008012f90                twiddleCoef_1024
 .rodata.twiddleCoef_32
                0x0000000008014f90      0x100 ../libs\libarm_cortexM7lfdp_math.a(arm_common_tables.o)
                0x0000000008014f90                twiddleCoef_32
 .rodata.armBitRevIndexTable1024
                0x0000000008015090      0xe10 ../libs\libarm_cortexM7lfdp_math.a(arm_common_tables.o)
                0x0000000008015090                armBitRevIndexTable1024
 .rodata.armBitRevIndexTable16
                0x0000000008015ea0       0x28 ../libs\libarm_cortexM7lfdp_math.a(arm_common_tables.o)
                0x0000000008015ea0                armBitRevIndexTable16
 .rodata.twiddleCoef_rfft_32
                0x0000000008015ec8       0x80 ../libs\libarm_cortexM7lfdp_math.a(arm_common_tables.o)
                0x0000000008015ec8                twiddleCoef_rfft_32
 .rodata.armBitRevIndexTable32
                0x0000000008015f48       0x60 ../libs\libarm_cortexM7lfdp_math.a(arm_common_tables.o)
                0x0000000008015f48                armBitRevIndexTable32
 .rodata.twiddleCoef_128
                0x0000000008015fa8      0x400 ../libs\libarm_cortexM7lfdp_math.a(arm_common_tables.o)
                0x0000000008015fa8                twiddleCoef_128
 .rodata.twiddleCoef_512
                0x00000000080163a8     0x1000 ../libs\libarm_cortexM7lfdp_math.a(arm_common_tables.o)
                0x00000000080163a8                twiddleCoef_512
 .rodata.armBitRevIndexTable2048
                0x00000000080173a8     0x1dc0 ../libs\libarm_cortexM7lfdp_math.a(arm_common_tables.o)
                0x00000000080173a8                armBitRevIndexTable2048
 .rodata.twiddleCoef_64
                0x0000000008019168      0x200 ../libs\libarm_cortexM7lfdp_math.a(arm_common_tables.o)
                0x0000000008019168                twiddleCoef_64
 .rodata.twiddleCoef_rfft_512
                0x0000000008019368      0x800 ../libs\libarm_cortexM7lfdp_math.a(arm_common_tables.o)
                0x0000000008019368                twiddleCoef_rfft_512
 .rodata.armBitRevIndexTable512
                0x0000000008019b68      0x380 ../libs\libarm_cortexM7lfdp_math.a(arm_common_tables.o)
                0x0000000008019b68                armBitRevIndexTable512
 .rodata.twiddleCoef_rfft_1024
                0x0000000008019ee8     0x1000 ../libs\libarm_cortexM7lfdp_math.a(arm_common_tables.o)
                0x0000000008019ee8                twiddleCoef_rfft_1024
 .rodata.twiddleCoef_rfft_256
                0x000000000801aee8      0x400 ../libs\libarm_cortexM7lfdp_math.a(arm_common_tables.o)
                0x000000000801aee8                twiddleCoef_rfft_256
 .rodata.armBitRevIndexTable256
                0x000000000801b2e8      0x370 ../libs\libarm_cortexM7lfdp_math.a(arm_common_tables.o)
                0x000000000801b2e8                armBitRevIndexTable256
 .rodata.twiddleCoef_rfft_128
                0x000000000801b658      0x200 ../libs\libarm_cortexM7lfdp_math.a(arm_common_tables.o)
                0x000000000801b658                twiddleCoef_rfft_128
 .rodata.armBitRevIndexTable128
                0x000000000801b858      0x1a0 ../libs\libarm_cortexM7lfdp_math.a(arm_common_tables.o)
                0x000000000801b858                armBitRevIndexTable128
 .rodata.log10f.str1.1
                0x000000000801b9f8        0x1 c:/st/stm32cubeide_1.10.1/stm32cubeide/plugins/com.st.stm32cube.ide.mcu.externaltools.gnu-tools-for-stm32.10.3-2021.10.win32_1.0.0.202111181127/tools/bin/../lib/gcc/arm-none-eabi/10.3.1/../../../../arm-none-eabi/lib/thumb/v7e-m+fp/hard\libm.a(lib_a-wf_log10.o)
                0x000000000801b9fc                . = ALIGN (0x4)
 *fill*         0x000000000801b9f9        0x3 

.ARM.extab      0x000000000801b9fc        0x0
                0x000000000801b9fc                . = ALIGN (0x4)
 *(.ARM.extab* .gnu.linkonce.armextab.*)
                0x000000000801b9fc                . = ALIGN (0x4)

.ARM            0x000000000801b9fc        0x8
                0x000000000801b9fc                . = ALIGN (0x4)
                0x000000000801b9fc                __exidx_start = .
 *(.ARM.exidx*)
 .ARM.exidx     0x000000000801b9fc        0x8 c:/st/stm32cubeide_1.10.1/stm32cubeide/plugins/com.st.stm32cube.ide.mcu.externaltools.gnu-tools-for-stm32.10.3-2021.10.win32_1.0.0.202111181127/tools/bin/../lib/gcc/arm-none-eabi/10.3.1/thumb/v7e-m+fp/hard\libgcc.a(_udivmoddi4.o)
                0x000000000801ba04                __exidx_end = .
                0x000000000801ba04                . = ALIGN (0x4)

.rel.dyn        0x000000000801ba04        0x0
 .rel.iplt      0x000000000801ba04        0x0 c:/st/stm32cubeide_1.10.1/stm32cubeide/plugins/com.st.stm32cube.ide.mcu.externaltools.gnu-tools-for-stm32.10.3-2021.10.win32_1.0.0.202111181127/tools/bin/../lib/gcc/arm-none-eabi/10.3.1/thumb/v7e-m+fp/hard/crtbegin.o

.preinit_array  0x000000000801ba04        0x0
                0x000000000801ba04                . = ALIGN (0x4)
                0x000000000801ba04                PROVIDE (__preinit_array_start = .)
 *(.preinit_array*)
                0x000000000801ba04                PROVIDE (__preinit_array_end = .)
                0x000000000801ba04                . = ALIGN (0x4)

.init_array     0x000000000801ba04        0x4
                0x000000000801ba04                . = ALIGN (0x4)
                0x000000000801ba04                PROVIDE (__init_array_start = .)
 *(SORT_BY_NAME(.init_array.*))
 *(.init_array*)
 .init_array    0x000000000801ba04        0x4 c:/st/stm32cubeide_1.10.1/stm32cubeide/plugins/com.st.stm32cube.ide.mcu.externaltools.gnu-tools-for-stm32.10.3-2021.10.win32_1.0.0.202111181127/tools/bin/../lib/gcc/arm-none-eabi/10.3.1/thumb/v7e-m+fp/hard/crtbegin.o
                0x000000000801ba08                PROVIDE (__init_array_end = .)
                0x000000000801ba08                . = ALIGN (0x4)

.fini_array     0x000000000801ba08        0x4
                0x000000000801ba08                . = ALIGN (0x4)
                [!provide]                        PROVIDE (__fini_array_start = .)
 *(SORT_BY_NAME(.fini_array.*))
 *(.fini_array*)
 .fini_array    0x000000000801ba08        0x4 c:/st/stm32cubeide_1.10.1/stm32cubeide/plugins/com.st.stm32cube.ide.mcu.externaltools.gnu-tools-for-stm32.10.3-2021.10.win32_1.0.0.202111181127/tools/bin/../lib/gcc/arm-none-eabi/10.3.1/thumb/v7e-m+fp/hard/crtbegin.o
                [!provide]                        PROVIDE (__fini_array_end = .)
                0x000000000801ba0c                . = ALIGN (0x4)
                0x000000000801ba0c                _sidata = LOADADDR (.data)

.data           0x0000000020000000       0x90 load address 0x000000000801ba0c
                0x0000000020000000                . = ALIGN (0x4)
                0x0000000020000000                _sdata = .
 *(.data)
 *(.data*)
 .data.chosen_freqs
                0x0000000020000000       0x20 ./Core/Src/global_variables.o
                0x0000000020000000                chosen_freqs
 .data.SystemCoreClock
                0x0000000020000020        0x4 ./Core/Src/system_stm32f7xx.o
                0x0000000020000020                SystemCoreClock
 .data.uwTickPrio
                0x0000000020000024        0x4 ./Drivers/STM32F7xx_HAL_Driver/Src/stm32f7xx_hal.o
                0x0000000020000024                uwTickPrio
 .data.uwTickFreq
                0x0000000020000028        0x1 ./Drivers/STM32F7xx_HAL_Driver/Src/stm32f7xx_hal.o
                0x0000000020000028                uwTickFreq
 *fill*         0x0000000020000029        0x3 
 .data._impure_ptr
                0x000000002000002c        0x4 c:/st/stm32cubeide_1.10.1/stm32cubeide/plugins/com.st.stm32cube.ide.mcu.externaltools.gnu-tools-for-stm32.10.3-2021.10.win32_1.0.0.202111181127/tools/bin/../lib/gcc/arm-none-eabi/10.3.1/../../../../arm-none-eabi/lib/thumb/v7e-m+fp/hard\libc_nano.a(lib_a-impure.o)
                0x000000002000002c                _impure_ptr
 .data.impure_data
                0x0000000020000030       0x60 c:/st/stm32cubeide_1.10.1/stm32cubeide/plugins/com.st.stm32cube.ide.mcu.externaltools.gnu-tools-for-stm32.10.3-2021.10.win32_1.0.0.202111181127/tools/bin/../lib/gcc/arm-none-eabi/10.3.1/../../../../arm-none-eabi/lib/thumb/v7e-m+fp/hard\libc_nano.a(lib_a-impure.o)
 *(.RamFunc)
 *(.RamFunc*)
                0x0000000020000090                . = ALIGN (0x4)
                0x0000000020000090                _edata = .

.igot.plt       0x0000000020000090        0x0 load address 0x000000000801ba9c
 .igot.plt      0x0000000020000090        0x0 c:/st/stm32cubeide_1.10.1/stm32cubeide/plugins/com.st.stm32cube.ide.mcu.externaltools.gnu-tools-for-stm32.10.3-2021.10.win32_1.0.0.202111181127/tools/bin/../lib/gcc/arm-none-eabi/10.3.1/thumb/v7e-m+fp/hard/crtbegin.o
                0x0000000020000090                . = ALIGN (0x4)

.bss            0x0000000020000090     0xdb40 load address 0x000000000801ba9c
                0x0000000020000090                _sbss = .
                0x0000000020000090                __bss_start__ = _sbss
 *(.bss)
 .bss           0x0000000020000090       0x1c c:/st/stm32cubeide_1.10.1/stm32cubeide/plugins/com.st.stm32cube.ide.mcu.externaltools.gnu-tools-for-stm32.10.3-2021.10.win32_1.0.0.202111181127/tools/bin/../lib/gcc/arm-none-eabi/10.3.1/thumb/v7e-m+fp/hard/crtbegin.o
 *(.bss*)
 .bss.buffer_state
                0x00000000200000ac        0x1 ./Core/Src/global_variables.o
                0x00000000200000ac                buffer_state
 .bss.display_state
                0x00000000200000ad        0x1 ./Core/Src/global_variables.o
                0x00000000200000ad                display_state
 *fill*         0x00000000200000ae        0x2 
 .bss.adc_buffer
                0x00000000200000b0     0x8000 ./Core/Src/global_variables.o
                0x00000000200000b0                adc_buffer
 .bss.fft_input_buffer
                0x00000000200080b0     0x2000 ./Core/Src/global_variables.o
                0x00000000200080b0                fft_input_buffer
 .bss.fft_output_buffer
                0x000000002000a0b0     0x2000 ./Core/Src/global_variables.o
                0x000000002000a0b0                fft_output_buffer
 .bss.uart_freq_buffer
                0x000000002000c0b0       0x10 ./Core/Src/global_variables.o
                0x000000002000c0b0                uart_freq_buffer
 .bss.freqs     0x000000002000c0c0     0x1000 ./Core/Src/global_variables.o
                0x000000002000c0c0                freqs
 .bss.fft_handler
                0x000000002000d0c0       0x18 ./Core/Src/global_variables.o
                0x000000002000d0c0                fft_handler
 .bss.hadc1     0x000000002000d0d8       0x48 ./Core/Src/main.o
                0x000000002000d0d8                hadc1
 .bss.hdma_adc1
                0x000000002000d120       0x60 ./Core/Src/main.o
                0x000000002000d120                hdma_adc1
 .bss.hi2c1     0x000000002000d180       0x54 ./Core/Src/main.o
                0x000000002000d180                hi2c1
 .bss.huart3    0x000000002000d1d4       0x88 ./Core/Src/main.o
                0x000000002000d1d4                huart3
 .bss.hdma_usart3_tx
                0x000000002000d25c       0x60 ./Core/Src/main.o
                0x000000002000d25c                hdma_usart3_tx
 .bss.hpcd_USB_OTG_FS
                0x000000002000d2bc      0x508 ./Core/Src/main.o
                0x000000002000d2bc                hpcd_USB_OTG_FS
 .bss.SSD1306_Buffer
                0x000000002000d7c4      0x400 ./Core/Src/ssd1306.o
 .bss.SSD1306   0x000000002000dbc4        0x6 ./Core/Src/ssd1306.o
 *fill*         0x000000002000dbca        0x2 
 .bss.uwTick    0x000000002000dbcc        0x4 ./Drivers/STM32F7xx_HAL_Driver/Src/stm32f7xx_hal.o
                0x000000002000dbcc                uwTick
 *(COMMON)
                0x000000002000dbd0                . = ALIGN (0x4)
                0x000000002000dbd0                _ebss = .
                0x000000002000dbd0                __bss_end__ = _ebss

._user_heap_stack
                0x000000002000dbd0      0x600 load address 0x000000000801ba9c
                0x000000002000dbd0                . = ALIGN (0x8)
                [!provide]                        PROVIDE (end = .)
                0x000000002000dbd0                PROVIDE (_end = .)
                0x000000002000ddd0                . = (. + _Min_Heap_Size)
 *fill*         0x000000002000dbd0      0x200 
                0x000000002000e1d0                . = (. + _Min_Stack_Size)
 *fill*         0x000000002000ddd0      0x400 
                0x000000002000e1d0                . = ALIGN (0x8)

/DISCARD/
 libc.a(*)
 libm.a(*)
 libgcc.a(*)

.ARM.attributes
                0x0000000000000000       0x2e
 *(.ARM.attributes)
 .ARM.attributes
                0x0000000000000000       0x1e c:/st/stm32cubeide_1.10.1/stm32cubeide/plugins/com.st.stm32cube.ide.mcu.externaltools.gnu-tools-for-stm32.10.3-2021.10.win32_1.0.0.202111181127/tools/bin/../lib/gcc/arm-none-eabi/10.3.1/thumb/v7e-m+fp/hard/crti.o
 .ARM.attributes
                0x000000000000001e       0x34 c:/st/stm32cubeide_1.10.1/stm32cubeide/plugins/com.st.stm32cube.ide.mcu.externaltools.gnu-tools-for-stm32.10.3-2021.10.win32_1.0.0.202111181127/tools/bin/../lib/gcc/arm-none-eabi/10.3.1/thumb/v7e-m+fp/hard/crtbegin.o
 .ARM.attributes
                0x0000000000000052       0x34 ./Core/Src/FFT.o
 .ARM.attributes
                0x0000000000000086       0x34 ./Core/Src/callbacks.o
 .ARM.attributes
                0x00000000000000ba       0x34 ./Core/Src/global_variables.o
 .ARM.attributes
                0x00000000000000ee       0x34 ./Core/Src/main.o
 .ARM.attributes
                0x0000000000000122       0x34 ./Core/Src/ssd1306.o
 .ARM.attributes
                0x0000000000000156       0x34 ./Core/Src/stm32f7xx_hal_msp.o
 .ARM.attributes
                0x000000000000018a       0x34 ./Core/Src/stm32f7xx_it.o
 .ARM.attributes
                0x00000000000001be       0x34 ./Core/Src/system_stm32f7xx.o
 .ARM.attributes
                0x00000000000001f2       0x21 ./Core/Startup/startup_stm32f746zgtx.o
 .ARM.attributes
                0x0000000000000213       0x34 ./Drivers/STM32F7xx_HAL_Driver/Src/stm32f7xx_hal.o
 .ARM.attributes
                0x0000000000000247       0x34 ./Drivers/STM32F7xx_HAL_Driver/Src/stm32f7xx_hal_adc.o
 .ARM.attributes
                0x000000000000027b       0x34 ./Drivers/STM32F7xx_HAL_Driver/Src/stm32f7xx_hal_adc_ex.o
 .ARM.attributes
                0x00000000000002af       0x34 ./Drivers/STM32F7xx_HAL_Driver/Src/stm32f7xx_hal_cortex.o
 .ARM.attributes
                0x00000000000002e3       0x34 ./Drivers/STM32F7xx_HAL_Driver/Src/stm32f7xx_hal_dma.o
 .ARM.attributes
                0x0000000000000317       0x34 ./Drivers/STM32F7xx_HAL_Driver/Src/stm32f7xx_hal_gpio.o
 .ARM.attributes
                0x000000000000034b       0x34 ./Drivers/STM32F7xx_HAL_Driver/Src/stm32f7xx_hal_i2c.o
 .ARM.attributes
                0x000000000000037f       0x34 ./Drivers/STM32F7xx_HAL_Driver/Src/stm32f7xx_hal_i2c_ex.o
 .ARM.attributes
                0x00000000000003b3       0x34 ./Drivers/STM32F7xx_HAL_Driver/Src/stm32f7xx_hal_pcd.o
 .ARM.attributes
                0x00000000000003e7       0x34 ./Drivers/STM32F7xx_HAL_Driver/Src/stm32f7xx_hal_pcd_ex.o
 .ARM.attributes
                0x000000000000041b       0x34 ./Drivers/STM32F7xx_HAL_Driver/Src/stm32f7xx_hal_pwr.o
 .ARM.attributes
                0x000000000000044f       0x34 ./Drivers/STM32F7xx_HAL_Driver/Src/stm32f7xx_hal_rcc.o
 .ARM.attributes
                0x0000000000000483       0x34 ./Drivers/STM32F7xx_HAL_Driver/Src/stm32f7xx_hal_rcc_ex.o
 .ARM.attributes
                0x00000000000004b7       0x34 ./Drivers/STM32F7xx_HAL_Driver/Src/stm32f7xx_hal_uart.o
 .ARM.attributes
                0x00000000000004eb       0x34 ./Drivers/STM32F7xx_HAL_Driver/Src/stm32f7xx_ll_usb.o
 .ARM.attributes
                0x000000000000051f       0x37 ../libs\libarm_cortexM7lfdp_math.a(arm_rfft_fast_init_f32.o)
 .ARM.attributes
                0x0000000000000556       0x37 ../libs\libarm_cortexM7lfdp_math.a(arm_rfft_fast_f32.o)
 .ARM.attributes
                0x000000000000058d       0x37 ../libs\libarm_cortexM7lfdp_math.a(arm_cfft_f32.o)
 .ARM.attributes
                0x00000000000005c4       0x37 ../libs\libarm_cortexM7lfdp_math.a(arm_common_tables.o)
 .ARM.attributes
                0x00000000000005fb       0x23 ../libs\libarm_cortexM7lfdp_math.a(arm_bitreversal2.o)
 .ARM.attributes
                0x000000000000061e       0x37 ../libs\libarm_cortexM7lfdp_math.a(arm_cfft_radix8_f32.o)
 .ARM.attributes
                0x0000000000000655       0x34 c:/st/stm32cubeide_1.10.1/stm32cubeide/plugins/com.st.stm32cube.ide.mcu.externaltools.gnu-tools-for-stm32.10.3-2021.10.win32_1.0.0.202111181127/tools/bin/../lib/gcc/arm-none-eabi/10.3.1/../../../../arm-none-eabi/lib/thumb/v7e-m+fp/hard\libc_nano.a(lib_a-errno.o)
 .ARM.attributes
                0x0000000000000689       0x34 c:/st/stm32cubeide_1.10.1/stm32cubeide/plugins/com.st.stm32cube.ide.mcu.externaltools.gnu-tools-for-stm32.10.3-2021.10.win32_1.0.0.202111181127/tools/bin/../lib/gcc/arm-none-eabi/10.3.1/../../../../arm-none-eabi/lib/thumb/v7e-m+fp/hard\libc_nano.a(lib_a-impure.o)
 .ARM.attributes
                0x00000000000006bd       0x34 c:/st/stm32cubeide_1.10.1/stm32cubeide/plugins/com.st.stm32cube.ide.mcu.externaltools.gnu-tools-for-stm32.10.3-2021.10.win32_1.0.0.202111181127/tools/bin/../lib/gcc/arm-none-eabi/10.3.1/../../../../arm-none-eabi/lib/thumb/v7e-m+fp/hard\libc_nano.a(lib_a-init.o)
 .ARM.attributes
                0x00000000000006f1       0x34 c:/st/stm32cubeide_1.10.1/stm32cubeide/plugins/com.st.stm32cube.ide.mcu.externaltools.gnu-tools-for-stm32.10.3-2021.10.win32_1.0.0.202111181127/tools/bin/../lib/gcc/arm-none-eabi/10.3.1/../../../../arm-none-eabi/lib/thumb/v7e-m+fp/hard\libc_nano.a(lib_a-memset.o)
 .ARM.attributes
                0x0000000000000725       0x34 c:/st/stm32cubeide_1.10.1/stm32cubeide/plugins/com.st.stm32cube.ide.mcu.externaltools.gnu-tools-for-stm32.10.3-2021.10.win32_1.0.0.202111181127/tools/bin/../lib/gcc/arm-none-eabi/10.3.1/../../../../arm-none-eabi/lib/thumb/v7e-m+fp/hard\libm.a(lib_a-wf_log10.o)
 .ARM.attributes
                0x0000000000000759       0x34 c:/st/stm32cubeide_1.10.1/stm32cubeide/plugins/com.st.stm32cube.ide.mcu.externaltools.gnu-tools-for-stm32.10.3-2021.10.win32_1.0.0.202111181127/tools/bin/../lib/gcc/arm-none-eabi/10.3.1/../../../../arm-none-eabi/lib/thumb/v7e-m+fp/hard\libm.a(lib_a-wf_sqrt.o)
 .ARM.attributes
                0x000000000000078d       0x34 c:/st/stm32cubeide_1.10.1/stm32cubeide/plugins/com.st.stm32cube.ide.mcu.externaltools.gnu-tools-for-stm32.10.3-2021.10.win32_1.0.0.202111181127/tools/bin/../lib/gcc/arm-none-eabi/10.3.1/../../../../arm-none-eabi/lib/thumb/v7e-m+fp/hard\libm.a(lib_a-ef_log10.o)
 .ARM.attributes
                0x00000000000007c1       0x34 c:/st/stm32cubeide_1.10.1/stm32cubeide/plugins/com.st.stm32cube.ide.mcu.externaltools.gnu-tools-for-stm32.10.3-2021.10.win32_1.0.0.202111181127/tools/bin/../lib/gcc/arm-none-eabi/10.3.1/../../../../arm-none-eabi/lib/thumb/v7e-m+fp/hard\libm.a(lib_a-ef_sqrt.o)
 .ARM.attributes
                0x00000000000007f5       0x34 c:/st/stm32cubeide_1.10.1/stm32cubeide/plugins/com.st.stm32cube.ide.mcu.externaltools.gnu-tools-for-stm32.10.3-2021.10.win32_1.0.0.202111181127/tools/bin/../lib/gcc/arm-none-eabi/10.3.1/../../../../arm-none-eabi/lib/thumb/v7e-m+fp/hard\libm.a(lib_a-sf_nan.o)
 .ARM.attributes
                0x0000000000000829       0x34 c:/st/stm32cubeide_1.10.1/stm32cubeide/plugins/com.st.stm32cube.ide.mcu.externaltools.gnu-tools-for-stm32.10.3-2021.10.win32_1.0.0.202111181127/tools/bin/../lib/gcc/arm-none-eabi/10.3.1/../../../../arm-none-eabi/lib/thumb/v7e-m+fp/hard\libm.a(lib_a-ef_log.o)
 .ARM.attributes
                0x000000000000085d       0x1e c:/st/stm32cubeide_1.10.1/stm32cubeide/plugins/com.st.stm32cube.ide.mcu.externaltools.gnu-tools-for-stm32.10.3-2021.10.win32_1.0.0.202111181127/tools/bin/../lib/gcc/arm-none-eabi/10.3.1/thumb/v7e-m+fp/hard\libgcc.a(_aeabi_uldivmod.o)
 .ARM.attributes
                0x000000000000087b       0x34 c:/st/stm32cubeide_1.10.1/stm32cubeide/plugins/com.st.stm32cube.ide.mcu.externaltools.gnu-tools-for-stm32.10.3-2021.10.win32_1.0.0.202111181127/tools/bin/../lib/gcc/arm-none-eabi/10.3.1/thumb/v7e-m+fp/hard\libgcc.a(_udivmoddi4.o)
 .ARM.attributes
                0x00000000000008af       0x1e c:/st/stm32cubeide_1.10.1/stm32cubeide/plugins/com.st.stm32cube.ide.mcu.externaltools.gnu-tools-for-stm32.10.3-2021.10.win32_1.0.0.202111181127/tools/bin/../lib/gcc/arm-none-eabi/10.3.1/thumb/v7e-m+fp/hard\libgcc.a(_dvmd_tls.o)
 .ARM.attributes
                0x00000000000008cd       0x1e c:/st/stm32cubeide_1.10.1/stm32cubeide/plugins/com.st.stm32cube.ide.mcu.externaltools.gnu-tools-for-stm32.10.3-2021.10.win32_1.0.0.202111181127/tools/bin/../lib/gcc/arm-none-eabi/10.3.1/thumb/v7e-m+fp/hard/crtn.o
OUTPUT(STM32_fft_test2.elf elf32-littlearm)
LOAD linker stubs
LOAD c:/st/stm32cubeide_1.10.1/stm32cubeide/plugins/com.st.stm32cube.ide.mcu.externaltools.gnu-tools-for-stm32.10.3-2021.10.win32_1.0.0.202111181127/tools/bin/../lib/gcc/arm-none-eabi/10.3.1/../../../../arm-none-eabi/lib/thumb/v7e-m+fp/hard\libc.a
LOAD c:/st/stm32cubeide_1.10.1/stm32cubeide/plugins/com.st.stm32cube.ide.mcu.externaltools.gnu-tools-for-stm32.10.3-2021.10.win32_1.0.0.202111181127/tools/bin/../lib/gcc/arm-none-eabi/10.3.1/../../../../arm-none-eabi/lib/thumb/v7e-m+fp/hard\libm.a
LOAD c:/st/stm32cubeide_1.10.1/stm32cubeide/plugins/com.st.stm32cube.ide.mcu.externaltools.gnu-tools-for-stm32.10.3-2021.10.win32_1.0.0.202111181127/tools/bin/../lib/gcc/arm-none-eabi/10.3.1/thumb/v7e-m+fp/hard\libgcc.a

.debug_info     0x0000000000000000    0x198c4
 .debug_info    0x0000000000000000      0xa31 ./Core/Src/FFT.o
 .debug_info    0x0000000000000a31      0x69a ./Core/Src/callbacks.o
 .debug_info    0x00000000000010cb      0x314 ./Core/Src/global_variables.o
 .debug_info    0x00000000000013df     0x1ed9 ./Core/Src/main.o
 .debug_info    0x00000000000032b8     0x11c7 ./Core/Src/ssd1306.o
 .debug_info    0x000000000000447f     0x1c59 ./Core/Src/stm32f7xx_hal_msp.o
 .debug_info    0x00000000000060d8      0xdff ./Core/Src/stm32f7xx_it.o
 .debug_info    0x0000000000006ed7      0x72c ./Core/Src/system_stm32f7xx.o
 .debug_info    0x0000000000007603       0x22 ./Core/Startup/startup_stm32f746zgtx.o
 .debug_info    0x0000000000007625      0xa0c ./Drivers/STM32F7xx_HAL_Driver/Src/stm32f7xx_hal.o
 .debug_info    0x0000000000008031      0xd19 ./Drivers/STM32F7xx_HAL_Driver/Src/stm32f7xx_hal_adc.o
 .debug_info    0x0000000000008d4a      0xb68 ./Drivers/STM32F7xx_HAL_Driver/Src/stm32f7xx_hal_adc_ex.o
 .debug_info    0x00000000000098b2     0x105a ./Drivers/STM32F7xx_HAL_Driver/Src/stm32f7xx_hal_cortex.o
 .debug_info    0x000000000000a90c      0x94f ./Drivers/STM32F7xx_HAL_Driver/Src/stm32f7xx_hal_dma.o
 .debug_info    0x000000000000b25b      0x794 ./Drivers/STM32F7xx_HAL_Driver/Src/stm32f7xx_hal_gpio.o
 .debug_info    0x000000000000b9ef     0x22d3 ./Drivers/STM32F7xx_HAL_Driver/Src/stm32f7xx_hal_i2c.o
 .debug_info    0x000000000000dcc2      0x9d4 ./Drivers/STM32F7xx_HAL_Driver/Src/stm32f7xx_hal_i2c_ex.o
 .debug_info    0x000000000000e696     0x16c1 ./Drivers/STM32F7xx_HAL_Driver/Src/stm32f7xx_hal_pcd.o
 .debug_info    0x000000000000fd57      0x7df ./Drivers/STM32F7xx_HAL_Driver/Src/stm32f7xx_hal_pcd_ex.o
 .debug_info    0x0000000000010536      0x978 ./Drivers/STM32F7xx_HAL_Driver/Src/stm32f7xx_hal_pwr.o
 .debug_info    0x0000000000010eae      0x99c ./Drivers/STM32F7xx_HAL_Driver/Src/stm32f7xx_hal_rcc.o
 .debug_info    0x000000000001184a      0x764 ./Drivers/STM32F7xx_HAL_Driver/Src/stm32f7xx_hal_rcc_ex.o
 .debug_info    0x0000000000011fae     0x3ccc ./Drivers/STM32F7xx_HAL_Driver/Src/stm32f7xx_hal_uart.o
 .debug_info    0x0000000000015c7a     0x1b65 ./Drivers/STM32F7xx_HAL_Driver/Src/stm32f7xx_ll_usb.o
 .debug_info    0x00000000000177df      0x4c3 ../libs\libarm_cortexM7lfdp_math.a(arm_rfft_fast_init_f32.o)
 .debug_info    0x0000000000017ca2      0x72e ../libs\libarm_cortexM7lfdp_math.a(arm_rfft_fast_f32.o)
 .debug_info    0x00000000000183d0      0x6b9 ../libs\libarm_cortexM7lfdp_math.a(arm_cfft_f32.o)
 .debug_info    0x0000000000018a89      0x99d ../libs\libarm_cortexM7lfdp_math.a(arm_common_tables.o)
 .debug_info    0x0000000000019426       0x85 ../libs\libarm_cortexM7lfdp_math.a(arm_bitreversal2.o)
 .debug_info    0x00000000000194ab      0x419 ../libs\libarm_cortexM7lfdp_math.a(arm_cfft_radix8_f32.o)

.debug_abbrev   0x0000000000000000     0x3776
 .debug_abbrev  0x0000000000000000      0x227 ./Core/Src/FFT.o
 .debug_abbrev  0x0000000000000227      0x170 ./Core/Src/callbacks.o
 .debug_abbrev  0x0000000000000397       0xd2 ./Core/Src/global_variables.o
 .debug_abbrev  0x0000000000000469      0x3b7 ./Core/Src/main.o
 .debug_abbrev  0x0000000000000820      0x320 ./Core/Src/ssd1306.o
 .debug_abbrev  0x0000000000000b40      0x27f ./Core/Src/stm32f7xx_hal_msp.o
 .debug_abbrev  0x0000000000000dbf      0x1b1 ./Core/Src/stm32f7xx_it.o
 .debug_abbrev  0x0000000000000f70      0x136 ./Core/Src/system_stm32f7xx.o
 .debug_abbrev  0x00000000000010a6       0x12 ./Core/Startup/startup_stm32f746zgtx.o
 .debug_abbrev  0x00000000000010b8      0x20d ./Drivers/STM32F7xx_HAL_Driver/Src/stm32f7xx_hal.o
 .debug_abbrev  0x00000000000012c5      0x244 ./Drivers/STM32F7xx_HAL_Driver/Src/stm32f7xx_hal_adc.o
 .debug_abbrev  0x0000000000001509      0x25f ./Drivers/STM32F7xx_HAL_Driver/Src/stm32f7xx_hal_adc_ex.o
 .debug_abbrev  0x0000000000001768      0x316 ./Drivers/STM32F7xx_HAL_Driver/Src/stm32f7xx_hal_cortex.o
 .debug_abbrev  0x0000000000001a7e      0x25b ./Drivers/STM32F7xx_HAL_Driver/Src/stm32f7xx_hal_dma.o
 .debug_abbrev  0x0000000000001cd9      0x1c4 ./Drivers/STM32F7xx_HAL_Driver/Src/stm32f7xx_hal_gpio.o
 .debug_abbrev  0x0000000000001e9d      0x243 ./Drivers/STM32F7xx_HAL_Driver/Src/stm32f7xx_hal_i2c.o
 .debug_abbrev  0x00000000000020e0      0x18e ./Drivers/STM32F7xx_HAL_Driver/Src/stm32f7xx_hal_i2c_ex.o
 .debug_abbrev  0x000000000000226e      0x2d2 ./Drivers/STM32F7xx_HAL_Driver/Src/stm32f7xx_hal_pcd.o
 .debug_abbrev  0x0000000000002540      0x1bd ./Drivers/STM32F7xx_HAL_Driver/Src/stm32f7xx_hal_pcd_ex.o
 .debug_abbrev  0x00000000000026fd      0x1b8 ./Drivers/STM32F7xx_HAL_Driver/Src/stm32f7xx_hal_pwr.o
 .debug_abbrev  0x00000000000028b5      0x27b ./Drivers/STM32F7xx_HAL_Driver/Src/stm32f7xx_hal_rcc.o
 .debug_abbrev  0x0000000000002b30      0x1b9 ./Drivers/STM32F7xx_HAL_Driver/Src/stm32f7xx_hal_rcc_ex.o
 .debug_abbrev  0x0000000000002ce9      0x2ce ./Drivers/STM32F7xx_HAL_Driver/Src/stm32f7xx_hal_uart.o
 .debug_abbrev  0x0000000000002fb7      0x278 ./Drivers/STM32F7xx_HAL_Driver/Src/stm32f7xx_ll_usb.o
 .debug_abbrev  0x000000000000322f       0xfd ../libs\libarm_cortexM7lfdp_math.a(arm_rfft_fast_init_f32.o)
 .debug_abbrev  0x000000000000332c      0x17f ../libs\libarm_cortexM7lfdp_math.a(arm_rfft_fast_f32.o)
 .debug_abbrev  0x00000000000034ab      0x18b ../libs\libarm_cortexM7lfdp_math.a(arm_cfft_f32.o)
 .debug_abbrev  0x0000000000003636       0x84 ../libs\libarm_cortexM7lfdp_math.a(arm_common_tables.o)
 .debug_abbrev  0x00000000000036ba       0x14 ../libs\libarm_cortexM7lfdp_math.a(arm_bitreversal2.o)
 .debug_abbrev  0x00000000000036ce       0xa8 ../libs\libarm_cortexM7lfdp_math.a(arm_cfft_radix8_f32.o)

.debug_aranges  0x0000000000000000     0x11f8
 .debug_aranges
                0x0000000000000000       0x30 ./Core/Src/FFT.o
 .debug_aranges
                0x0000000000000030       0x30 ./Core/Src/callbacks.o
 .debug_aranges
                0x0000000000000060       0x18 ./Core/Src/global_variables.o
 .debug_aranges
                0x0000000000000078       0x68 ./Core/Src/main.o
 .debug_aranges
                0x00000000000000e0       0xd0 ./Core/Src/ssd1306.o
 .debug_aranges
                0x00000000000001b0       0x60 ./Core/Src/stm32f7xx_hal_msp.o
 .debug_aranges
                0x0000000000000210       0x98 ./Core/Src/stm32f7xx_it.o
 .debug_aranges
                0x00000000000002a8       0x28 ./Core/Src/system_stm32f7xx.o
 .debug_aranges
                0x00000000000002d0       0x28 ./Core/Startup/startup_stm32f746zgtx.o
 .debug_aranges
                0x00000000000002f8      0x100 ./Drivers/STM32F7xx_HAL_Driver/Src/stm32f7xx_hal.o
 .debug_aranges
                0x00000000000003f8       0xe8 ./Drivers/STM32F7xx_HAL_Driver/Src/stm32f7xx_hal_adc.o
 .debug_aranges
                0x00000000000004e0       0x90 ./Drivers/STM32F7xx_HAL_Driver/Src/stm32f7xx_hal_adc_ex.o
 .debug_aranges
                0x0000000000000570      0x118 ./Drivers/STM32F7xx_HAL_Driver/Src/stm32f7xx_hal_cortex.o
 .debug_aranges
                0x0000000000000688       0x90 ./Drivers/STM32F7xx_HAL_Driver/Src/stm32f7xx_hal_dma.o
 .debug_aranges
                0x0000000000000718       0x58 ./Drivers/STM32F7xx_HAL_Driver/Src/stm32f7xx_hal_gpio.o
 .debug_aranges
                0x0000000000000770      0x2a0 ./Drivers/STM32F7xx_HAL_Driver/Src/stm32f7xx_hal_i2c.o
 .debug_aranges
                0x0000000000000a10       0x38 ./Drivers/STM32F7xx_HAL_Driver/Src/stm32f7xx_hal_i2c_ex.o
 .debug_aranges
                0x0000000000000a48      0x148 ./Drivers/STM32F7xx_HAL_Driver/Src/stm32f7xx_hal_pcd.o
 .debug_aranges
                0x0000000000000b90       0x48 ./Drivers/STM32F7xx_HAL_Driver/Src/stm32f7xx_hal_pcd_ex.o
 .debug_aranges
                0x0000000000000bd8       0xa0 ./Drivers/STM32F7xx_HAL_Driver/Src/stm32f7xx_hal_pwr.o
 .debug_aranges
                0x0000000000000c78       0x88 ./Drivers/STM32F7xx_HAL_Driver/Src/stm32f7xx_hal_rcc.o
 .debug_aranges
                0x0000000000000d00       0x50 ./Drivers/STM32F7xx_HAL_Driver/Src/stm32f7xx_hal_rcc_ex.o
 .debug_aranges
                0x0000000000000d50      0x228 ./Drivers/STM32F7xx_HAL_Driver/Src/stm32f7xx_hal_uart.o
 .debug_aranges
                0x0000000000000f78      0x1a8 ./Drivers/STM32F7xx_HAL_Driver/Src/stm32f7xx_ll_usb.o
 .debug_aranges
                0x0000000000001120       0x20 ../libs\libarm_cortexM7lfdp_math.a(arm_rfft_fast_init_f32.o)
 .debug_aranges
                0x0000000000001140       0x30 ../libs\libarm_cortexM7lfdp_math.a(arm_rfft_fast_f32.o)
 .debug_aranges
                0x0000000000001170       0x30 ../libs\libarm_cortexM7lfdp_math.a(arm_cfft_f32.o)
 .debug_aranges
                0x00000000000011a0       0x18 ../libs\libarm_cortexM7lfdp_math.a(arm_common_tables.o)
 .debug_aranges
                0x00000000000011b8       0x20 ../libs\libarm_cortexM7lfdp_math.a(arm_bitreversal2.o)
 .debug_aranges
                0x00000000000011d8       0x20 ../libs\libarm_cortexM7lfdp_math.a(arm_cfft_radix8_f32.o)

.debug_ranges   0x0000000000000000     0x1030
 .debug_ranges  0x0000000000000000       0x20 ./Core/Src/FFT.o
 .debug_ranges  0x0000000000000020       0x20 ./Core/Src/callbacks.o
 .debug_ranges  0x0000000000000040       0x58 ./Core/Src/main.o
 .debug_ranges  0x0000000000000098       0xc0 ./Core/Src/ssd1306.o
 .debug_ranges  0x0000000000000158       0x50 ./Core/Src/stm32f7xx_hal_msp.o
 .debug_ranges  0x00000000000001a8       0x88 ./Core/Src/stm32f7xx_it.o
 .debug_ranges  0x0000000000000230       0x18 ./Core/Src/system_stm32f7xx.o
 .debug_ranges  0x0000000000000248       0x20 ./Core/Startup/startup_stm32f746zgtx.o
 .debug_ranges  0x0000000000000268       0xf0 ./Drivers/STM32F7xx_HAL_Driver/Src/stm32f7xx_hal.o
 .debug_ranges  0x0000000000000358       0xd8 ./Drivers/STM32F7xx_HAL_Driver/Src/stm32f7xx_hal_adc.o
 .debug_ranges  0x0000000000000430       0x80 ./Drivers/STM32F7xx_HAL_Driver/Src/stm32f7xx_hal_adc_ex.o
 .debug_ranges  0x00000000000004b0      0x108 ./Drivers/STM32F7xx_HAL_Driver/Src/stm32f7xx_hal_cortex.o
 .debug_ranges  0x00000000000005b8       0x80 ./Drivers/STM32F7xx_HAL_Driver/Src/stm32f7xx_hal_dma.o
 .debug_ranges  0x0000000000000638       0x48 ./Drivers/STM32F7xx_HAL_Driver/Src/stm32f7xx_hal_gpio.o
 .debug_ranges  0x0000000000000680      0x290 ./Drivers/STM32F7xx_HAL_Driver/Src/stm32f7xx_hal_i2c.o
 .debug_ranges  0x0000000000000910       0x28 ./Drivers/STM32F7xx_HAL_Driver/Src/stm32f7xx_hal_i2c_ex.o
 .debug_ranges  0x0000000000000938      0x138 ./Drivers/STM32F7xx_HAL_Driver/Src/stm32f7xx_hal_pcd.o
 .debug_ranges  0x0000000000000a70       0x38 ./Drivers/STM32F7xx_HAL_Driver/Src/stm32f7xx_hal_pcd_ex.o
 .debug_ranges  0x0000000000000aa8       0x90 ./Drivers/STM32F7xx_HAL_Driver/Src/stm32f7xx_hal_pwr.o
 .debug_ranges  0x0000000000000b38       0x78 ./Drivers/STM32F7xx_HAL_Driver/Src/stm32f7xx_hal_rcc.o
 .debug_ranges  0x0000000000000bb0       0x40 ./Drivers/STM32F7xx_HAL_Driver/Src/stm32f7xx_hal_rcc_ex.o
 .debug_ranges  0x0000000000000bf0      0x248 ./Drivers/STM32F7xx_HAL_Driver/Src/stm32f7xx_hal_uart.o
 .debug_ranges  0x0000000000000e38      0x198 ./Drivers/STM32F7xx_HAL_Driver/Src/stm32f7xx_ll_usb.o
 .debug_ranges  0x0000000000000fd0       0x10 ../libs\libarm_cortexM7lfdp_math.a(arm_rfft_fast_init_f32.o)
 .debug_ranges  0x0000000000000fe0       0x20 ../libs\libarm_cortexM7lfdp_math.a(arm_rfft_fast_f32.o)
 .debug_ranges  0x0000000000001000       0x20 ../libs\libarm_cortexM7lfdp_math.a(arm_cfft_f32.o)
 .debug_ranges  0x0000000000001020       0x10 ../libs\libarm_cortexM7lfdp_math.a(arm_cfft_radix8_f32.o)

.debug_macro    0x0000000000000000    0x2780b
 .debug_macro   0x0000000000000000      0x337 ./Core/Src/FFT.o
 .debug_macro   0x0000000000000337      0xa78 ./Core/Src/FFT.o
 .debug_macro   0x0000000000000daf      0x299 ./Core/Src/FFT.o
 .debug_macro   0x0000000000001048       0x2e ./Core/Src/FFT.o
 .debug_macro   0x0000000000001076       0x3b ./Core/Src/FFT.o
 .debug_macro   0x00000000000010b1       0x22 ./Core/Src/FFT.o
 .debug_macro   0x00000000000010d3       0x8e ./Core/Src/FFT.o
 .debug_macro   0x0000000000001161       0x51 ./Core/Src/FFT.o
 .debug_macro   0x00000000000011b2      0x103 ./Core/Src/FFT.o
 .debug_macro   0x00000000000012b5       0x6a ./Core/Src/FFT.o
 .debug_macro   0x000000000000131f      0x1df ./Core/Src/FFT.o
 .debug_macro   0x00000000000014fe       0x1c ./Core/Src/FFT.o
 .debug_macro   0x000000000000151a       0x22 ./Core/Src/FFT.o
 .debug_macro   0x000000000000153c       0xd9 ./Core/Src/FFT.o
 .debug_macro   0x0000000000001615     0x12cd ./Core/Src/FFT.o
 .debug_macro   0x00000000000028e2      0x11f ./Core/Src/FFT.o
 .debug_macro   0x0000000000002a01       0x19 ./Core/Src/FFT.o
 .debug_macro   0x0000000000002a1a    0x1920a ./Core/Src/FFT.o
 .debug_macro   0x000000000001bc24       0x6d ./Core/Src/FFT.o
 .debug_macro   0x000000000001bc91     0x3749 ./Core/Src/FFT.o
 .debug_macro   0x000000000001f3da      0x174 ./Core/Src/FFT.o
 .debug_macro   0x000000000001f54e       0x63 ./Core/Src/FFT.o
 .debug_macro   0x000000000001f5b1     0x18ad ./Core/Src/FFT.o
 .debug_macro   0x0000000000020e5e      0x6c4 ./Core/Src/FFT.o
 .debug_macro   0x0000000000021522      0x185 ./Core/Src/FFT.o
 .debug_macro   0x00000000000216a7      0x115 ./Core/Src/FFT.o
 .debug_macro   0x00000000000217bc      0x1fd ./Core/Src/FFT.o
 .debug_macro   0x00000000000219b9       0xa5 ./Core/Src/FFT.o
 .debug_macro   0x0000000000021a5e      0x24f ./Core/Src/FFT.o
 .debug_macro   0x0000000000021cad       0x41 ./Core/Src/FFT.o
 .debug_macro   0x0000000000021cee       0x58 ./Core/Src/FFT.o
 .debug_macro   0x0000000000021d46      0x236 ./Core/Src/FFT.o
 .debug_macro   0x0000000000021f7c      0x416 ./Core/Src/FFT.o
 .debug_macro   0x0000000000022392      0x153 ./Core/Src/FFT.o
 .debug_macro   0x00000000000224e5      0x107 ./Core/Src/FFT.o
 .debug_macro   0x00000000000225ec      0x14e ./Core/Src/FFT.o
 .debug_macro   0x000000000002273a      0x25a ./Core/Src/FFT.o
 .debug_macro   0x0000000000022994       0x12 ./Core/Src/FFT.o
 .debug_macro   0x00000000000229a6      0x22c ./Core/Src/FFT.o
 .debug_macro   0x0000000000022bd2       0x61 ./Core/Src/FFT.o
 .debug_macro   0x0000000000022c33       0xa5 ./Core/Src/FFT.o
 .debug_macro   0x0000000000022cd8      0x12e ./Core/Src/FFT.o
 .debug_macro   0x0000000000022e06      0x108 ./Core/Src/FFT.o
 .debug_macro   0x0000000000022f0e       0x35 ./Core/Src/FFT.o
 .debug_macro   0x0000000000022f43      0x56d ./Core/Src/FFT.o
 .debug_macro   0x00000000000234b0       0x44 ./Core/Src/FFT.o
 .debug_macro   0x00000000000234f4      0x256 ./Core/Src/FFT.o
 .debug_macro   0x000000000002374a       0xba ./Core/Src/FFT.o
 .debug_macro   0x0000000000023804      0x14d ./Core/Src/FFT.o
 .debug_macro   0x0000000000023951       0x16 ./Core/Src/FFT.o
 .debug_macro   0x0000000000023967       0x12 ./Core/Src/FFT.o
 .debug_macro   0x0000000000023979       0x52 ./Core/Src/FFT.o
 .debug_macro   0x00000000000239cb       0x1e ./Core/Src/FFT.o
 .debug_macro   0x00000000000239e9       0x3c ./Core/Src/FFT.o
 .debug_macro   0x0000000000023a25       0x34 ./Core/Src/FFT.o
 .debug_macro   0x0000000000023a59       0x16 ./Core/Src/FFT.o
 .debug_macro   0x0000000000023a6f       0x43 ./Core/Src/FFT.o
 .debug_macro   0x0000000000023ab2       0x34 ./Core/Src/FFT.o
 .debug_macro   0x0000000000023ae6       0x10 ./Core/Src/FFT.o
 .debug_macro   0x0000000000023af6       0x58 ./Core/Src/FFT.o
 .debug_macro   0x0000000000023b4e       0x71 ./Core/Src/FFT.o
 .debug_macro   0x0000000000023bbf       0x1c ./Core/Src/FFT.o
 .debug_macro   0x0000000000023bdb      0x12a ./Core/Src/FFT.o
 .debug_macro   0x0000000000023d05      0x341 ./Core/Src/FFT.o
 .debug_macro   0x0000000000024046       0x10 ./Core/Src/FFT.o
 .debug_macro   0x0000000000024056       0x35 ./Core/Src/FFT.o
 .debug_macro   0x000000000002408b       0x20 ./Core/Src/FFT.o
 .debug_macro   0x00000000000240ab      0x19b ./Core/Src/FFT.o
 .debug_macro   0x0000000000024246       0xd6 ./Core/Src/FFT.o
 .debug_macro   0x000000000002431c       0x3a ./Core/Src/FFT.o
 .debug_macro   0x0000000000024356       0x16 ./Core/Src/FFT.o
 .debug_macro   0x000000000002436c      0x327 ./Core/Src/callbacks.o
 .debug_macro   0x0000000000024693      0x196 ./Core/Src/global_variables.o
 .debug_macro   0x0000000000024829      0x350 ./Core/Src/main.o
 .debug_macro   0x0000000000024b79      0x142 ./Core/Src/main.o
 .debug_macro   0x0000000000024cbb      0x330 ./Core/Src/ssd1306.o
 .debug_macro   0x0000000000024feb       0x4c ./Core/Src/ssd1306.o
 .debug_macro   0x0000000000025037       0x94 ./Core/Src/ssd1306.o
 .debug_macro   0x00000000000250cb       0x28 ./Core/Src/ssd1306.o
 .debug_macro   0x00000000000250f3       0x57 ./Core/Src/ssd1306.o
 .debug_macro   0x000000000002514a       0x16 ./Core/Src/ssd1306.o
 .debug_macro   0x0000000000025160       0x16 ./Core/Src/ssd1306.o
 .debug_macro   0x0000000000025176       0x29 ./Core/Src/ssd1306.o
 .debug_macro   0x000000000002519f       0x16 ./Core/Src/ssd1306.o
 .debug_macro   0x00000000000251b5      0x21a ./Core/Src/stm32f7xx_hal_msp.o
 .debug_macro   0x00000000000253cf      0x224 ./Core/Src/stm32f7xx_it.o
 .debug_macro   0x00000000000255f3      0x20b ./Core/Src/system_stm32f7xx.o
 .debug_macro   0x00000000000257fe      0x22f ./Drivers/STM32F7xx_HAL_Driver/Src/stm32f7xx_hal.o
 .debug_macro   0x0000000000025a2d      0x20c ./Drivers/STM32F7xx_HAL_Driver/Src/stm32f7xx_hal_adc.o
 .debug_macro   0x0000000000025c39      0x20b ./Drivers/STM32F7xx_HAL_Driver/Src/stm32f7xx_hal_adc_ex.o
 .debug_macro   0x0000000000025e44      0x20b ./Drivers/STM32F7xx_HAL_Driver/Src/stm32f7xx_hal_cortex.o
 .debug_macro   0x000000000002604f      0x211 ./Drivers/STM32F7xx_HAL_Driver/Src/stm32f7xx_hal_dma.o
 .debug_macro   0x0000000000026260      0x211 ./Drivers/STM32F7xx_HAL_Driver/Src/stm32f7xx_hal_gpio.o
 .debug_macro   0x0000000000026471      0x2d7 ./Drivers/STM32F7xx_HAL_Driver/Src/stm32f7xx_hal_i2c.o
 .debug_macro   0x0000000000026748      0x20b ./Drivers/STM32F7xx_HAL_Driver/Src/stm32f7xx_hal_i2c_ex.o
 .debug_macro   0x0000000000026953      0x217 ./Drivers/STM32F7xx_HAL_Driver/Src/stm32f7xx_hal_pcd.o
 .debug_macro   0x0000000000026b6a      0x20b ./Drivers/STM32F7xx_HAL_Driver/Src/stm32f7xx_hal_pcd_ex.o
 .debug_macro   0x0000000000026d75      0x229 ./Drivers/STM32F7xx_HAL_Driver/Src/stm32f7xx_hal_pwr.o
 .debug_macro   0x0000000000026f9e      0x22f ./Drivers/STM32F7xx_HAL_Driver/Src/stm32f7xx_hal_rcc.o
 .debug_macro   0x00000000000271cd      0x20b ./Drivers/STM32F7xx_HAL_Driver/Src/stm32f7xx_hal_rcc_ex.o
 .debug_macro   0x00000000000273d8      0x228 ./Drivers/STM32F7xx_HAL_Driver/Src/stm32f7xx_hal_uart.o
 .debug_macro   0x0000000000027600      0x20b ./Drivers/STM32F7xx_HAL_Driver/Src/stm32f7xx_ll_usb.o

.debug_line     0x0000000000000000    0x18457
 .debug_line    0x0000000000000000      0xa3a ./Core/Src/FFT.o
 .debug_line    0x0000000000000a3a      0x91e ./Core/Src/callbacks.o
 .debug_line    0x0000000000001358      0x598 ./Core/Src/global_variables.o
 .debug_line    0x00000000000018f0      0xbed ./Core/Src/main.o
 .debug_line    0x00000000000024dd      0xf36 ./Core/Src/ssd1306.o
 .debug_line    0x0000000000003413      0x8fe ./Core/Src/stm32f7xx_hal_msp.o
 .debug_line    0x0000000000003d11      0x898 ./Core/Src/stm32f7xx_it.o
 .debug_line    0x00000000000045a9      0x7ad ./Core/Src/system_stm32f7xx.o
 .debug_line    0x0000000000004d56       0x88 ./Core/Startup/startup_stm32f746zgtx.o
 .debug_line    0x0000000000004dde      0xa3e ./Drivers/STM32F7xx_HAL_Driver/Src/stm32f7xx_hal.o
 .debug_line    0x000000000000581c     0x1276 ./Drivers/STM32F7xx_HAL_Driver/Src/stm32f7xx_hal_adc.o
 .debug_line    0x0000000000006a92      0xeb0 ./Drivers/STM32F7xx_HAL_Driver/Src/stm32f7xx_hal_adc_ex.o
 .debug_line    0x0000000000007942      0xcc4 ./Drivers/STM32F7xx_HAL_Driver/Src/stm32f7xx_hal_cortex.o
 .debug_line    0x0000000000008606      0xf8d ./Drivers/STM32F7xx_HAL_Driver/Src/stm32f7xx_hal_dma.o
 .debug_line    0x0000000000009593      0xbb2 ./Drivers/STM32F7xx_HAL_Driver/Src/stm32f7xx_hal_gpio.o
 .debug_line    0x000000000000a145     0x370b ./Drivers/STM32F7xx_HAL_Driver/Src/stm32f7xx_hal_i2c.o
 .debug_line    0x000000000000d850      0x869 ./Drivers/STM32F7xx_HAL_Driver/Src/stm32f7xx_hal_i2c_ex.o
 .debug_line    0x000000000000e0b9     0x1489 ./Drivers/STM32F7xx_HAL_Driver/Src/stm32f7xx_hal_pcd.o
 .debug_line    0x000000000000f542      0x83f ./Drivers/STM32F7xx_HAL_Driver/Src/stm32f7xx_hal_pcd_ex.o
 .debug_line    0x000000000000fd81      0x942 ./Drivers/STM32F7xx_HAL_Driver/Src/stm32f7xx_hal_pwr.o
 .debug_line    0x00000000000106c3      0xe81 ./Drivers/STM32F7xx_HAL_Driver/Src/stm32f7xx_hal_rcc.o
 .debug_line    0x0000000000011544      0xe3a ./Drivers/STM32F7xx_HAL_Driver/Src/stm32f7xx_hal_rcc_ex.o
 .debug_line    0x000000000001237e     0x30f2 ./Drivers/STM32F7xx_HAL_Driver/Src/stm32f7xx_hal_uart.o
 .debug_line    0x0000000000015470     0x1af6 ./Drivers/STM32F7xx_HAL_Driver/Src/stm32f7xx_ll_usb.o
 .debug_line    0x0000000000016f66      0x200 ../libs\libarm_cortexM7lfdp_math.a(arm_rfft_fast_init_f32.o)
 .debug_line    0x0000000000017166      0x2cb ../libs\libarm_cortexM7lfdp_math.a(arm_rfft_fast_f32.o)
 .debug_line    0x0000000000017431      0x791 ../libs\libarm_cortexM7lfdp_math.a(arm_cfft_f32.o)
 .debug_line    0x0000000000017bc2      0x12e ../libs\libarm_cortexM7lfdp_math.a(arm_common_tables.o)
 .debug_line    0x0000000000017cf0       0x98 ../libs\libarm_cortexM7lfdp_math.a(arm_bitreversal2.o)
 .debug_line    0x0000000000017d88      0x6cf ../libs\libarm_cortexM7lfdp_math.a(arm_cfft_radix8_f32.o)

.debug_str      0x0000000000000000    0xf0065
 .debug_str     0x0000000000000000    0xe9b4c ./Core/Src/FFT.o
                                      0xea2a9 (size before relaxing)
 .debug_str     0x00000000000e9b4c      0x1e5 ./Core/Src/callbacks.o
                                      0xe9f86 (size before relaxing)
 .debug_str     0x00000000000e9d31       0x2a ./Core/Src/global_variables.o
                                       0x863f (size before relaxing)
 .debug_str     0x00000000000e9d5b     0x158b ./Core/Src/main.o
                                      0xeb9d3 (size before relaxing)
 .debug_str     0x00000000000eb2e6      0x44c ./Core/Src/ssd1306.o
                                      0xea03b (size before relaxing)
 .debug_str     0x00000000000eb732      0x35f ./Core/Src/stm32f7xx_hal_msp.o
                                      0xe7b00 (size before relaxing)
 .debug_str     0x00000000000eba91      0x1c5 ./Core/Src/stm32f7xx_it.o
                                      0xe6e55 (size before relaxing)
 .debug_str     0x00000000000ebc56      0x1a4 ./Core/Src/system_stm32f7xx.o
                                      0xe6114 (size before relaxing)
 .debug_str     0x00000000000ebdfa       0x77 ./Core/Startup/startup_stm32f746zgtx.o
 .debug_str     0x00000000000ebe71      0x40c ./Drivers/STM32F7xx_HAL_Driver/Src/stm32f7xx_hal.o
                                      0xe6a7d (size before relaxing)
 .debug_str     0x00000000000ec27d      0x257 ./Drivers/STM32F7xx_HAL_Driver/Src/stm32f7xx_hal_adc.o
                                      0xe660d (size before relaxing)
 .debug_str     0x00000000000ec4d4      0x2df ./Drivers/STM32F7xx_HAL_Driver/Src/stm32f7xx_hal_adc_ex.o
                                      0xe6661 (size before relaxing)
 .debug_str     0x00000000000ec7b3      0x312 ./Drivers/STM32F7xx_HAL_Driver/Src/stm32f7xx_hal_cortex.o
                                      0xe6a68 (size before relaxing)
 .debug_str     0x00000000000ecac5      0x2da ./Drivers/STM32F7xx_HAL_Driver/Src/stm32f7xx_hal_dma.o
                                      0xe6453 (size before relaxing)
 .debug_str     0x00000000000ecd9f       0xcc ./Drivers/STM32F7xx_HAL_Driver/Src/stm32f7xx_hal_gpio.o
                                      0xe61d2 (size before relaxing)
 .debug_str     0x00000000000ece6b      0xd55 ./Drivers/STM32F7xx_HAL_Driver/Src/stm32f7xx_hal_i2c.o